Archive member included to satisfy reference by file (symbol)

../Middlewares/Third_Party/ARM_CMSIS/CMSIS/DSP/Lib/GCC\libarm_cortexM4lf_math.a(arm_cfft_init_f32.o)
                              ./Core/Src/main.o (arm_cfft_init_f32)
../Middlewares/Third_Party/ARM_CMSIS/CMSIS/DSP/Lib/GCC\libarm_cortexM4lf_math.a(arm_cfft_f32.o)
                              ./Core/Src/main.o (arm_cfft_f32)
../Middlewares/Third_Party/ARM_CMSIS/CMSIS/DSP/Lib/GCC\libarm_cortexM4lf_math.a(arm_bitreversal2.o)
                              ../Middlewares/Third_Party/ARM_CMSIS/CMSIS/DSP/Lib/GCC\libarm_cortexM4lf_math.a(arm_cfft_f32.o) (arm_bitreversal_32)
../Middlewares/Third_Party/ARM_CMSIS/CMSIS/DSP/Lib/GCC\libarm_cortexM4lf_math.a(arm_cmplx_mag_f32.o)
                              ./Core/Src/main.o (arm_cmplx_mag_f32)
../Middlewares/Third_Party/ARM_CMSIS/CMSIS/DSP/Lib/GCC\libarm_cortexM4lf_math.a(arm_const_structs.o)
                              ../Middlewares/Third_Party/ARM_CMSIS/CMSIS/DSP/Lib/GCC\libarm_cortexM4lf_math.a(arm_cfft_init_f32.o) (arm_cfft_sR_f32_len4096)
../Middlewares/Third_Party/ARM_CMSIS/CMSIS/DSP/Lib/GCC\libarm_cortexM4lf_math.a(arm_common_tables.o)
                              ../Middlewares/Third_Party/ARM_CMSIS/CMSIS/DSP/Lib/GCC\libarm_cortexM4lf_math.a(arm_const_structs.o) (realCoefBQ15)
../Middlewares/Third_Party/ARM_CMSIS/CMSIS/DSP/Lib/GCC\libarm_cortexM4lf_math.a(arm_cfft_radix8_f32.o)
                              ../Middlewares/Third_Party/ARM_CMSIS/CMSIS/DSP/Lib/GCC\libarm_cortexM4lf_math.a(arm_cfft_f32.o) (arm_radix8_butterfly_f32)
c:/st/stm32cubeide_1.9.0/stm32cubeide/plugins/com.st.stm32cube.ide.mcu.externaltools.gnu-tools-for-stm32.10.3-2021.10.win32_1.0.0.202111181127/tools/bin/../lib/gcc/arm-none-eabi/10.3.1/../../../../arm-none-eabi/lib/thumb/v7e-m+fp/hard\libc_nano.a(lib_a-errno.o)
                              ./Core/Src/syscalls.o (__errno)
c:/st/stm32cubeide_1.9.0/stm32cubeide/plugins/com.st.stm32cube.ide.mcu.externaltools.gnu-tools-for-stm32.10.3-2021.10.win32_1.0.0.202111181127/tools/bin/../lib/gcc/arm-none-eabi/10.3.1/../../../../arm-none-eabi/lib/thumb/v7e-m+fp/hard\libc_nano.a(lib_a-exit.o)
                              c:/st/stm32cubeide_1.9.0/stm32cubeide/plugins/com.st.stm32cube.ide.mcu.externaltools.gnu-tools-for-stm32.10.3-2021.10.win32_1.0.0.202111181127/tools/bin/../lib/gcc/arm-none-eabi/10.3.1/../../../../arm-none-eabi/lib/thumb/v7e-m+fp/hard/crt0.o (exit)
c:/st/stm32cubeide_1.9.0/stm32cubeide/plugins/com.st.stm32cube.ide.mcu.externaltools.gnu-tools-for-stm32.10.3-2021.10.win32_1.0.0.202111181127/tools/bin/../lib/gcc/arm-none-eabi/10.3.1/../../../../arm-none-eabi/lib/thumb/v7e-m+fp/hard\libc_nano.a(lib_a-impure.o)
                              c:/st/stm32cubeide_1.9.0/stm32cubeide/plugins/com.st.stm32cube.ide.mcu.externaltools.gnu-tools-for-stm32.10.3-2021.10.win32_1.0.0.202111181127/tools/bin/../lib/gcc/arm-none-eabi/10.3.1/../../../../arm-none-eabi/lib/thumb/v7e-m+fp/hard\libc_nano.a(lib_a-exit.o) (_global_impure_ptr)
c:/st/stm32cubeide_1.9.0/stm32cubeide/plugins/com.st.stm32cube.ide.mcu.externaltools.gnu-tools-for-stm32.10.3-2021.10.win32_1.0.0.202111181127/tools/bin/../lib/gcc/arm-none-eabi/10.3.1/../../../../arm-none-eabi/lib/thumb/v7e-m+fp/hard\libc_nano.a(lib_a-init.o)
                              c:/st/stm32cubeide_1.9.0/stm32cubeide/plugins/com.st.stm32cube.ide.mcu.externaltools.gnu-tools-for-stm32.10.3-2021.10.win32_1.0.0.202111181127/tools/bin/../lib/gcc/arm-none-eabi/10.3.1/../../../../arm-none-eabi/lib/thumb/v7e-m+fp/hard/crt0.o (__libc_init_array)
c:/st/stm32cubeide_1.9.0/stm32cubeide/plugins/com.st.stm32cube.ide.mcu.externaltools.gnu-tools-for-stm32.10.3-2021.10.win32_1.0.0.202111181127/tools/bin/../lib/gcc/arm-none-eabi/10.3.1/../../../../arm-none-eabi/lib/thumb/v7e-m+fp/hard\libc_nano.a(lib_a-memset.o)
                              c:/st/stm32cubeide_1.9.0/stm32cubeide/plugins/com.st.stm32cube.ide.mcu.externaltools.gnu-tools-for-stm32.10.3-2021.10.win32_1.0.0.202111181127/tools/bin/../lib/gcc/arm-none-eabi/10.3.1/../../../../arm-none-eabi/lib/thumb/v7e-m+fp/hard/crt0.o (memset)
c:/st/stm32cubeide_1.9.0/stm32cubeide/plugins/com.st.stm32cube.ide.mcu.externaltools.gnu-tools-for-stm32.10.3-2021.10.win32_1.0.0.202111181127/tools/bin/../lib/gcc/arm-none-eabi/10.3.1/../../../../arm-none-eabi/lib/thumb/v7e-m+fp/hard\libm.a(lib_a-wf_sqrt.o)
                              ../Middlewares/Third_Party/ARM_CMSIS/CMSIS/DSP/Lib/GCC\libarm_cortexM4lf_math.a(arm_cmplx_mag_f32.o) (sqrtf)
c:/st/stm32cubeide_1.9.0/stm32cubeide/plugins/com.st.stm32cube.ide.mcu.externaltools.gnu-tools-for-stm32.10.3-2021.10.win32_1.0.0.202111181127/tools/bin/../lib/gcc/arm-none-eabi/10.3.1/../../../../arm-none-eabi/lib/thumb/v7e-m+fp/hard\libm.a(lib_a-ef_sqrt.o)
[...]
Memory Configuration

Name             Origin             Length             Attributes
RAM              0x0000000020000000 0x0000000000020000 xrw
FLASH            0x0000000008000000 0x0000000000080000 xr
*default*        0x0000000000000000 0xffffffffffffffff

Linker script and memory map

LOAD c:/st/stm32cubeide_1.9.0/stm32cubeide/plugins/com.st.stm32cube.ide.mcu.externaltools.gnu-tools-for-stm32.10.3-2021.10.win32_1.0.0.202111181127/tools/bin/../lib/gcc/arm-none-eabi/10.3.1/thumb/v7e-m+fp/hard/crti.o
LOAD c:/st/stm32cubeide_1.9.0/stm32cubeide/plugins/com.st.stm32cube.ide.mcu.externaltools.gnu-tools-for-stm32.10.3-2021.10.win32_1.0.0.202111181127/tools/bin/../lib/gcc/arm-none-eabi/10.3.1/thumb/v7e-m+fp/hard/crtbegin.o
LOAD c:/st/stm32cubeide_1.9.0/stm32cubeide/plugins/com.st.stm32cube.ide.mcu.externaltools.gnu-tools-for-stm32.10.3-2021.10.win32_1.0.0.202111181127/tools/bin/../lib/gcc/arm-none-eabi/10.3.1/../../../../arm-none-eabi/lib/thumb/v7e-m+fp/hard/crt0.o
LOAD ./Core/Src/main.o
LOAD ./Core/Src/max_led_.o
LOAD ./Core/Src/stm32f4xx_hal_msp.o
LOAD ./Core/Src/stm32f4xx_it.o
LOAD ./Core/Src/syscalls.o
LOAD ./Core/Src/sysmem.o
LOAD ./Core/Src/system_stm32f4xx.o
LOAD ./Core/Startup/startup_stm32f446retx.o
LOAD ./Drivers/STM32F4xx_HAL_Driver/Src/stm32f4xx_hal.o
LOAD ./Drivers/STM32F4xx_HAL_Driver/Src/stm32f4xx_hal_adc.o
LOAD ./Drivers/STM32F4xx_HAL_Driver/Src/stm32f4xx_hal_adc_ex.o
LOAD ./Drivers/STM32F4xx_HAL_Driver/Src/stm32f4xx_hal_cortex.o
LOAD ./Drivers/STM32F4xx_HAL_Driver/Src/stm32f4xx_hal_dma.o
LOAD ./Drivers/STM32F4xx_HAL_Driver/Src/stm32f4xx_hal_dma_ex.o
LOAD ./Drivers/STM32F4xx_HAL_Driver/Src/stm32f4xx_hal_exti.o
LOAD ./Drivers/STM32F4xx_HAL_Driver/Src/stm32f4xx_hal_flash.o
LOAD ./Drivers/STM32F4xx_HAL_Driver/Src/stm32f4xx_hal_flash_ex.o
LOAD ./Drivers/STM32F4xx_HAL_Driver/Src/stm32f4xx_hal_flash_ramfunc.o
LOAD ./Drivers/STM32F4xx_HAL_Driver/Src/stm32f4xx_hal_gpio.o
LOAD ./Drivers/STM32F4xx_HAL_Driver/Src/stm32f4xx_hal_pwr.o
LOAD ./Drivers/STM32F4xx_HAL_Driver/Src/stm32f4xx_hal_pwr_ex.o
LOAD ./Drivers/STM32F4xx_HAL_Driver/Src/stm32f4xx_hal_rcc.o
LOAD ./Drivers/STM32F4xx_HAL_Driver/Src/stm32f4xx_hal_rcc_ex.o
LOAD ./Drivers/STM32F4xx_HAL_Driver/Src/stm32f4xx_hal_spi.o
LOAD ./Drivers/STM32F4xx_HAL_Driver/Src/stm32f4xx_hal_tim.o
LOAD ./Drivers/STM32F4xx_HAL_Driver/Src/stm32f4xx_hal_tim_ex.o
LOAD ./Drivers/STM32F4xx_HAL_Driver/Src/stm32f4xx_hal_uart.o
LOAD ./Drivers/STM32F4xx_HAL_Driver/Src/stm32f4xx_ll_adc.o
LOAD ../Middlewares/Third_Party/ARM_CMSIS/CMSIS/DSP/Lib/GCC\libarm_cortexM4lf_math.a
START GROUP
LOAD c:/st/stm32cubeide_1.9.0/stm32cubeide/plugins/com.st.stm32cube.ide.mcu.externaltools.gnu-tools-for-stm32.10.3-2021.10.win32_1.0.0.202111181127/tools/bin/../lib/gcc/arm-none-eabi/10.3.1/../../../../arm-none-eabi/lib/thumb/v7e-m+fp/hard\libc_nano.a
LOAD c:/st/stm32cubeide_1.9.0/stm32cubeide/plugins/com.st.stm32cube.ide.mcu.externaltools.gnu-tools-for-stm32.10.3-2021.10.win32_1.0.0.202111181127/tools/bin/../lib/gcc/arm-none-eabi/10.3.1/../../../../arm-none-eabi/lib/thumb/v7e-m+fp/hard\libm.a
END GROUP
START GROUP
LOAD c:/st/stm32cubeide_1.9.0/stm32cubeide/plugins/com.st.stm32cube.ide.mcu.externaltools.gnu-tools-for-stm32.10.3-2021.10.win32_1.0.0.202111181127/tools/bin/../lib/gcc/arm-none-eabi/10.3.1/thumb/v7e-m+fp/hard\libgcc.a
LOAD c:/st/stm32cubeide_1.9.0/stm32cubeide/plugins/com.st.stm32cube.ide.mcu.externaltools.gnu-tools-for-stm32.10.3-2021.10.win32_1.0.0.202111181127/tools/bin/../lib/gcc/arm-none-eabi/10.3.1/../../../../arm-none-eabi/lib/thumb/v7e-m+fp/hard\libc_nano.a
END GROUP
START GROUP
LOAD c:/st/stm32cubeide_1.9.0/stm32cubeide/plugins/com.st.stm32cube.ide.mcu.externaltools.gnu-tools-for-stm32.10.3-2021.10.win32_1.0.0.202111181127/tools/bin/../lib/gcc/arm-none-eabi/10.3.1/thumb/v7e-m+fp/hard\libgcc.a
LOAD c:/st/stm32cubeide_1.9.0/stm32cubeide/plugins/com.st.stm32cube.ide.mcu.externaltools.gnu-tools-for-stm32.10.3-2021.10.win32_1.0.0.202111181127/tools/bin/../lib/gcc/arm-none-eabi/10.3.1/../../../../arm-none-eabi/lib/thumb/v7e-m+fp/hard\libc_nano.a
LOAD c:/st/stm32cubeide_1.9.0/stm32cubeide/plugins/com.st.stm32cube.ide.mcu.externaltools.gnu-tools-for-stm32.10.3-2021.10.win32_1.0.0.202111181127/tools/bin/../lib/gcc/arm-none-eabi/10.3.1/../../../../arm-none-eabi/lib/thumb/v7e-m+fp/hard\libnosys.a
END GROUP
START GROUP
LOAD c:/st/stm32cubeide_1.9.0/stm32cubeide/plugins/com.st.stm32cube.ide.mcu.externaltools.gnu-tools-for-stm32.10.3-2021.10.win32_1.0.0.202111181127/tools/bin/../lib/gcc/arm-none-eabi/10.3.1/thumb/v7e-m+fp/hard\libgcc.a
LOAD c:/st/stm32cubeide_1.9.0/stm32cubeide/plugins/com.st.stm32cube.ide.mcu.externaltools.gnu-tools-for-stm32.10.3-2021.10.win32_1.0.0.202111181127/tools/bin/../lib/gcc/arm-none-eabi/10.3.1/../../../../arm-none-eabi/lib/thumb/v7e-m+fp/hard\libc_nano.a
LOAD c:/st/stm32cubeide_1.9.0/stm32cubeide/plugins/com.st.stm32cube.ide.mcu.externaltools.gnu-tools-for-stm32.10.3-2021.10.win32_1.0.0.202111181127/tools/bin/../lib/gcc/arm-none-eabi/10.3.1/../../../../arm-none-eabi/lib/thumb/v7e-m+fp/hard\libnosys.a
END GROUP
LOAD c:/st/stm32cubeide_1.9.0/stm32cubeide/plugins/com.st.stm32cube.ide.mcu.externaltools.gnu-tools-for-stm32.10.3-2021.10.win32_1.0.0.202111181127/tools/bin/../lib/gcc/arm-none-eabi/10.3.1/thumb/v7e-m+fp/hard/crtend.o
LOAD c:/st/stm32cubeide_1.9.0/stm32cubeide/plugins/com.st.stm32cube.ide.mcu.externaltools.gnu-tools-for-stm32.10.3-2021.10.win32_1.0.0.202111181127/tools/bin/../lib/gcc/arm-none-eabi/10.3.1/thumb/v7e-m+fp/hard/crtn.o
                0x0000000020020000                _estack = (ORIGIN (RAM) + LENGTH (RAM))
                0x0000000000000200                _Min_Heap_Size = 0x200
                0x0000000000000400                _Min_Stack_Size = 0x400

.isr_vector     0x0000000008000000      0x1c4
                0x0000000008000000                . = ALIGN (0x4)
 *(.isr_vector)
 .isr_vector    0x0000000008000000      0x1c4 ./Core/Startup/startup_stm32f446retx.o
                0x0000000008000000                g_pfnVectors
                0x00000000080001c4                . = ALIGN (0x4)

.text           0x00000000080001c4     0x3fd0
                0x00000000080001c4                . = ALIGN (0x4)
 *(.text)
 .text          0x00000000080001c4       0x40 c:/st/stm32cubeide_1.9.0/stm32cubeide/plugins/com.st.stm32cube.ide.mcu.externaltools.gnu-tools-for-stm32.10.3-2021.10.win32_1.0.0.202111181127/tools/bin/../lib/gcc/arm-none-eabi/10.3.1/thumb/v7e-m+fp/hard/crtbegin.o
 .text          0x0000000008000204       0x30 c:/st/stm32cubeide_1.9.0/stm32cubeide/plugins/com.st.stm32cube.ide.mcu.externaltools.gnu-tools-for-stm32.10.3-2021.10.win32_1.0.0.202111181127/tools/bin/../lib/gcc/arm-none-eabi/10.3.1/thumb/v7e-m+fp/hard\libgcc.a(_aeabi_uldivmod.o)
                0x0000000008000204                __aeabi_uldivmod
 .text          0x0000000008000234      0x2d0 c:/st/stm32cubeide_1.9.0/stm32cubeide/plugins/com.st.stm32cube.ide.mcu.externaltools.gnu-tools-for-stm32.10.3-2021.10.win32_1.0.0.202111181127/tools/bin/../lib/gcc/arm-none-eabi/10.3.1/thumb/v7e-m+fp/hard\libgcc.a(_udivmoddi4.o)
                0x0000000008000234                __udivmoddi4
 .text          0x0000000008000504        0x4 c:/st/stm32cubeide_1.9.0/stm32cubeide/plugins/com.st.stm32cube.ide.mcu.externaltools.gnu-tools-for-stm32.10.3-2021.10.win32_1.0.0.202111181127/tools/bin/../lib/gcc/arm-none-eabi/10.3.1/thumb/v7e-m+fp/hard\libgcc.a(_dvmd_tls.o)
                0x0000000008000504                __aeabi_idiv0
                0x0000000008000504                __aeabi_ldiv0
 *(.text*)
 .text.main     0x0000000008000508      0x158 ./Core/Src/main.o
                0x0000000008000508                main
 .text.SystemClock_Config
                0x0000000008000660       0xd8 ./Core/Src/main.o
                0x0000000008000660                SystemClock_Config
 .text.MX_ADC1_Init
                0x0000000008000738       0xa4 ./Core/Src/main.o
 .text.MX_SPI2_Init
                0x00000000080007dc       0x6c ./Core/Src/main.o
 .text.MX_USART2_UART_Init
                0x0000000008000848       0x54 ./Core/Src/main.o
 .text.MX_GPIO_Init
                0x000000000800089c       0xdc ./Core/Src/main.o
 .text.fft      0x0000000008000978       0x84 ./Core/Src/main.o
                0x0000000008000978                fft
 .text.FFT_output_shrinker
                0x00000000080009fc       0x94 ./Core/Src/main.o
                0x00000000080009fc                FFT_output_shrinker
 .text.displayfft
                0x0000000008000a90       0xcc ./Core/Src/main.o
                0x0000000008000a90                displayfft
 .text.display_column_filler
                0x0000000008000b5c       0x78 ./Core/Src/main.o
                0x0000000008000b5c                display_column_filler
 .text.Error_Handler
                0x0000000008000bd4        0xa ./Core/Src/main.o
                0x0000000008000bd4                Error_Handler
 *fill*         0x0000000008000bde        0x2 
 .text.write_byte
                0x0000000008000be0       0x58 ./Core/Src/max_led_.o
                0x0000000008000be0                write_byte
 .text.write_max
                0x0000000008000c38       0x40 ./Core/Src/max_led_.o
                0x0000000008000c38                write_max
 .text.max_init
                0x0000000008000c78       0x30 ./Core/Src/max_led_.o
                0x0000000008000c78                max_init
 .text.write_string
                0x0000000008000ca8       0x60 ./Core/Src/max_led_.o
                0x0000000008000ca8                write_string
 .text.HAL_MspInit
                0x0000000008000d08       0x50 ./Core/Src/stm32f4xx_hal_msp.o
                0x0000000008000d08                HAL_MspInit
 .text.HAL_ADC_MspInit
                0x0000000008000d58       0x88 ./Core/Src/stm32f4xx_hal_msp.o
                0x0000000008000d58                HAL_ADC_MspInit
 .text.HAL_SPI_MspInit
                0x0000000008000de0       0xf0 ./Core/Src/stm32f4xx_hal_msp.o
                0x0000000008000de0                HAL_SPI_MspInit
 .text.HAL_UART_MspInit
                0x0000000008000ed0       0x90 ./Core/Src/stm32f4xx_hal_msp.o
                0x0000000008000ed0                HAL_UART_MspInit
 .text.NMI_Handler
                0x0000000008000f60        0x6 ./Core/Src/stm32f4xx_it.o
                0x0000000008000f60                NMI_Handler
 .text.HardFault_Handler
                0x0000000008000f66        0x6 ./Core/Src/stm32f4xx_it.o
                0x0000000008000f66                HardFault_Handler
 .text.MemManage_Handler
                0x0000000008000f6c        0x6 ./Core/Src/stm32f4xx_it.o
                0x0000000008000f6c                MemManage_Handler
 .text.BusFault_Handler
                0x0000000008000f72        0x6 ./Core/Src/stm32f4xx_it.o
                0x0000000008000f72                BusFault_Handler
 .text.UsageFault_Handler
                0x0000000008000f78        0x6 ./Core/Src/stm32f4xx_it.o
                0x0000000008000f78                UsageFault_Handler
 .text.SVC_Handler
                0x0000000008000f7e        0xe ./Core/Src/stm32f4xx_it.o
                0x0000000008000f7e                SVC_Handler
 .text.DebugMon_Handler
                0x0000000008000f8c        0xe ./Core/Src/stm32f4xx_it.o
                0x0000000008000f8c                DebugMon_Handler
 .text.PendSV_Handler
                0x0000000008000f9a        0xe ./Core/Src/stm32f4xx_it.o
                0x0000000008000f9a                PendSV_Handler
 .text.SysTick_Handler
                0x0000000008000fa8        0xc ./Core/Src/stm32f4xx_it.o
                0x0000000008000fa8                SysTick_Handler
 .text.SystemInit
                0x0000000008000fb4       0x24 ./Core/Src/system_stm32f4xx.o
                0x0000000008000fb4                SystemInit
 .text.Reset_Handler
                0x0000000008000fd8       0x50 ./Core/Startup/startup_stm32f446retx.o
                0x0000000008000fd8                Reset_Handler
 .text.Default_Handler
                0x0000000008001028        0x2 ./Core/Startup/startup_stm32f446retx.o
                0x0000000008001028                RTC_Alarm_IRQHandler
                0x0000000008001028                EXTI2_IRQHandler
                0x0000000008001028                TIM8_CC_IRQHandler
                0x0000000008001028                FMPI2C1_EV_IRQHandler
                0x0000000008001028                SPI4_IRQHandler
                0x0000000008001028                TIM1_CC_IRQHandler
                0x0000000008001028                DMA2_Stream5_IRQHandler
                0x0000000008001028                DMA1_Stream5_IRQHandler
                0x0000000008001028                PVD_IRQHandler
                0x0000000008001028                SDIO_IRQHandler
                0x0000000008001028                TAMP_STAMP_IRQHandler
                0x0000000008001028                CAN2_RX1_IRQHandler
                0x0000000008001028                EXTI3_IRQHandler
                0x0000000008001028                TIM8_TRG_COM_TIM14_IRQHandler
                0x0000000008001028                TIM1_UP_TIM10_IRQHandler
                0x0000000008001028                TIM8_UP_TIM13_IRQHandler
                0x0000000008001028                I2C3_ER_IRQHandler
                0x0000000008001028                EXTI0_IRQHandler
                0x0000000008001028                I2C2_EV_IRQHandler
                0x0000000008001028                DMA1_Stream2_IRQHandler
                0x0000000008001028                CAN1_RX0_IRQHandler
                0x0000000008001028                FPU_IRQHandler
                0x0000000008001028                OTG_HS_WKUP_IRQHandler
                0x0000000008001028                CAN2_SCE_IRQHandler
                0x0000000008001028                DMA2_Stream2_IRQHandler
                0x0000000008001028                SPI1_IRQHandler
                0x0000000008001028                TIM6_DAC_IRQHandler
                0x0000000008001028                TIM1_BRK_TIM9_IRQHandler
                0x0000000008001028                DCMI_IRQHandler
                0x0000000008001028                CAN2_RX0_IRQHandler
                0x0000000008001028                DMA2_Stream3_IRQHandler
                0x0000000008001028                SAI2_IRQHandler
                0x0000000008001028                USART6_IRQHandler
                0x0000000008001028                USART3_IRQHandler
                0x0000000008001028                CAN1_RX1_IRQHandler
                0x0000000008001028                UART5_IRQHandler
                0x0000000008001028                DMA2_Stream0_IRQHandler
                0x0000000008001028                TIM4_IRQHandler
                0x0000000008001028                QUADSPI_IRQHandler
                0x0000000008001028                I2C1_EV_IRQHandler
                0x0000000008001028                DMA1_Stream6_IRQHandler
                0x0000000008001028                DMA1_Stream1_IRQHandler
                0x0000000008001028                UART4_IRQHandler
                0x0000000008001028                TIM3_IRQHandler
                0x0000000008001028                RCC_IRQHandler
                0x0000000008001028                TIM8_BRK_TIM12_IRQHandler
                0x0000000008001028                Default_Handler
                0x0000000008001028                CEC_IRQHandler
                0x0000000008001028                EXTI15_10_IRQHandler
                0x0000000008001028                ADC_IRQHandler
                0x0000000008001028                DMA1_Stream7_IRQHandler
                0x0000000008001028                TIM7_IRQHandler
                0x0000000008001028                CAN2_TX_IRQHandler
                0x0000000008001028                TIM5_IRQHandler
                0x0000000008001028                DMA2_Stream7_IRQHandler
                0x0000000008001028                I2C3_EV_IRQHandler
                0x0000000008001028                EXTI9_5_IRQHandler
                0x0000000008001028                RTC_WKUP_IRQHandler
                0x0000000008001028                SPDIF_RX_IRQHandler
                0x0000000008001028                SPI2_IRQHandler
                0x0000000008001028                OTG_HS_EP1_IN_IRQHandler
                0x0000000008001028                DMA1_Stream0_IRQHandler
                0x0000000008001028                CAN1_TX_IRQHandler
                0x0000000008001028                FMPI2C1_ER_IRQHandler
                0x0000000008001028                EXTI4_IRQHandler
                0x0000000008001028                OTG_HS_EP1_OUT_IRQHandler
                0x0000000008001028                WWDG_IRQHandler
                0x0000000008001028                TIM2_IRQHandler
                0x0000000008001028                OTG_FS_WKUP_IRQHandler
                0x0000000008001028                TIM1_TRG_COM_TIM11_IRQHandler
                0x0000000008001028                OTG_HS_IRQHandler
                0x0000000008001028                EXTI1_IRQHandler
                0x0000000008001028                USART2_IRQHandler
                0x0000000008001028                I2C2_ER_IRQHandler
                0x0000000008001028                DMA2_Stream1_IRQHandler
                0x0000000008001028                CAN1_SCE_IRQHandler
                0x0000000008001028                FLASH_IRQHandler
                0x0000000008001028                DMA2_Stream4_IRQHandler
                0x0000000008001028                USART1_IRQHandler
                0x0000000008001028                OTG_FS_IRQHandler
                0x0000000008001028                SPI3_IRQHandler
                0x0000000008001028                DMA1_Stream4_IRQHandler
                0x0000000008001028                I2C1_ER_IRQHandler
                0x0000000008001028                FMC_IRQHandler
                0x0000000008001028                DMA2_Stream6_IRQHandler
                0x0000000008001028                SAI1_IRQHandler
                0x0000000008001028                DMA1_Stream3_IRQHandler
 *fill*         0x000000000800102a        0x2 
 .text.HAL_Init
                0x000000000800102c       0x44 ./Drivers/STM32F4xx_HAL_Driver/Src/stm32f4xx_hal.o
                0x000000000800102c                HAL_Init
 .text.HAL_InitTick
                0x0000000008001070       0x60 ./Drivers/STM32F4xx_HAL_Driver/Src/stm32f4xx_hal.o
                0x0000000008001070                HAL_InitTick
 .text.HAL_IncTick
                0x00000000080010d0       0x28 ./Drivers/STM32F4xx_HAL_Driver/Src/stm32f4xx_hal.o
                0x00000000080010d0                HAL_IncTick
 .text.HAL_GetTick
                0x00000000080010f8       0x18 ./Drivers/STM32F4xx_HAL_Driver/Src/stm32f4xx_hal.o
                0x00000000080010f8                HAL_GetTick
 .text.HAL_Delay
                0x0000000008001110       0x48 ./Drivers/STM32F4xx_HAL_Driver/Src/stm32f4xx_hal.o
                0x0000000008001110                HAL_Delay
 .text.HAL_ADC_Init
                0x0000000008001158       0x86 ./Drivers/STM32F4xx_HAL_Driver/Src/stm32f4xx_hal_adc.o
                0x0000000008001158                HAL_ADC_Init
 *fill*         0x00000000080011de        0x2 
 .text.HAL_ADC_Start
                0x00000000080011e0      0x1a4 ./Drivers/STM32F4xx_HAL_Driver/Src/stm32f4xx_hal_adc.o
                0x00000000080011e0                HAL_ADC_Start
 .text.HAL_ADC_PollForConversion
                0x0000000008001384      0x116 ./Drivers/STM32F4xx_HAL_Driver/Src/stm32f4xx_hal_adc.o
                0x0000000008001384                HAL_ADC_PollForConversion
 .text.HAL_ADC_GetValue
                0x000000000800149a       0x1a ./Drivers/STM32F4xx_HAL_Driver/Src/stm32f4xx_hal_adc.o
                0x000000000800149a                HAL_ADC_GetValue
 .text.HAL_ADC_ConfigChannel
                0x00000000080014b4      0x264 ./Drivers/STM32F4xx_HAL_Driver/Src/stm32f4xx_hal_adc.o
                0x00000000080014b4                HAL_ADC_ConfigChannel
 .text.ADC_Init
                0x0000000008001718      0x1f8 ./Drivers/STM32F4xx_HAL_Driver/Src/stm32f4xx_hal_adc.o
 .text.__NVIC_SetPriorityGrouping
                0x0000000008001910       0x48 ./Drivers/STM32F4xx_HAL_Driver/Src/stm32f4xx_hal_cortex.o
 .text.__NVIC_GetPriorityGrouping
                0x0000000008001958       0x1c ./Drivers/STM32F4xx_HAL_Driver/Src/stm32f4xx_hal_cortex.o
 .text.__NVIC_SetPriority
                0x0000000008001974       0x54 ./Drivers/STM32F4xx_HAL_Driver/Src/stm32f4xx_hal_cortex.o
 .text.NVIC_EncodePriority
                0x00000000080019c8       0x66 ./Drivers/STM32F4xx_HAL_Driver/Src/stm32f4xx_hal_cortex.o
 *fill*         0x0000000008001a2e        0x2 
 .text.SysTick_Config
                0x0000000008001a30       0x44 ./Drivers/STM32F4xx_HAL_Driver/Src/stm32f4xx_hal_cortex.o
 .text.HAL_NVIC_SetPriorityGrouping
                0x0000000008001a74       0x16 ./Drivers/STM32F4xx_HAL_Driver/Src/stm32f4xx_hal_cortex.o
                0x0000000008001a74                HAL_NVIC_SetPriorityGrouping
 .text.HAL_NVIC_SetPriority
                0x0000000008001a8a       0x38 ./Drivers/STM32F4xx_HAL_Driver/Src/stm32f4xx_hal_cortex.o
                0x0000000008001a8a                HAL_NVIC_SetPriority
 .text.HAL_SYSTICK_Config
                0x0000000008001ac2       0x18 ./Drivers/STM32F4xx_HAL_Driver/Src/stm32f4xx_hal_cortex.o
                0x0000000008001ac2                HAL_SYSTICK_Config
 *fill*         0x0000000008001ada        0x2 
 .text.HAL_GPIO_Init
                0x0000000008001adc      0x328 ./Drivers/STM32F4xx_HAL_Driver/Src/stm32f4xx_hal_gpio.o
                0x0000000008001adc                HAL_GPIO_Init
 .text.HAL_GPIO_WritePin
                0x0000000008001e04       0x32 ./Drivers/STM32F4xx_HAL_Driver/Src/stm32f4xx_hal_gpio.o
                0x0000000008001e04                HAL_GPIO_WritePin
 .text.HAL_GPIO_TogglePin
                0x0000000008001e36       0x34 ./Drivers/STM32F4xx_HAL_Driver/Src/stm32f4xx_hal_gpio.o
                0x0000000008001e36                HAL_GPIO_TogglePin
 *fill*         0x0000000008001e6a        0x2 
 .text.HAL_RCC_ClockConfig
                0x0000000008001e6c      0x1cc ./Drivers/STM32F4xx_HAL_Driver/Src/stm32f4xx_hal_rcc.o
                0x0000000008001e6c                HAL_RCC_ClockConfig
 .text.HAL_RCC_GetHCLKFreq
                0x0000000008002038       0x18 ./Drivers/STM32F4xx_HAL_Driver/Src/stm32f4xx_hal_rcc.o
                0x0000000008002038                HAL_RCC_GetHCLKFreq
 .text.HAL_RCC_GetPCLK1Freq
                0x0000000008002050       0x28 ./Drivers/STM32F4xx_HAL_Driver/Src/stm32f4xx_hal_rcc.o
                0x0000000008002050                HAL_RCC_GetPCLK1Freq
 .text.HAL_RCC_GetPCLK2Freq
                0x0000000008002078       0x28 ./Drivers/STM32F4xx_HAL_Driver/Src/stm32f4xx_hal_rcc.o
                0x0000000008002078                HAL_RCC_GetPCLK2Freq
 .text.HAL_RCC_GetSysClockFreq
                0x00000000080020a0      0x460 ./Drivers/STM32F4xx_HAL_Driver/Src/stm32f4xx_hal_rcc_ex.o
                0x00000000080020a0                HAL_RCC_GetSysClockFreq
 .text.HAL_RCC_OscConfig
                0x0000000008002500      0x53c ./Drivers/STM32F4xx_HAL_Driver/Src/stm32f4xx_hal_rcc_ex.o
                0x0000000008002500                HAL_RCC_OscConfig
 .text.HAL_SPI_Init
                0x0000000008002a3c      0x112 ./Drivers/STM32F4xx_HAL_Driver/Src/stm32f4xx_hal_spi.o
                0x0000000008002a3c                HAL_SPI_Init
 .text.HAL_UART_Init
                0x0000000008002b4e       0x9a ./Drivers/STM32F4xx_HAL_Driver/Src/stm32f4xx_hal_uart.o
                0x0000000008002b4e                HAL_UART_Init
 .text.UART_SetConfig
                0x0000000008002be8      0x4e8 ./Drivers/STM32F4xx_HAL_Driver/Src/stm32f4xx_hal_uart.o
 .text.arm_cfft_init_f32
                0x00000000080030d0       0xa4 ../Middlewares/Third_Party/ARM_CMSIS/CMSIS/DSP/Lib/GCC\libarm_cortexM4lf_math.a(arm_cfft_init_f32.o)
                0x00000000080030d0                arm_cfft_init_f32
 .text.arm_cfft_radix8by2_f32
                0x0000000008003174      0x1a4 ../Middlewares/Third_Party/ARM_CMSIS/CMSIS/DSP/Lib/GCC\libarm_cortexM4lf_math.a(arm_cfft_f32.o)
                0x0000000008003174                arm_cfft_radix8by2_f32
 .text.arm_cfft_radix8by4_f32
                0x0000000008003318      0x4ac ../Middlewares/Third_Party/ARM_CMSIS/CMSIS/DSP/Lib/GCC\libarm_cortexM4lf_math.a(arm_cfft_f32.o)
                0x0000000008003318                arm_cfft_radix8by4_f32
 .text.arm_cfft_f32
                0x00000000080037c4       0xf0 ../Middlewares/Third_Party/ARM_CMSIS/CMSIS/DSP/Lib/GCC\libarm_cortexM4lf_math.a(arm_cfft_f32.o)
                0x00000000080037c4                arm_cfft_f32
 .text.arm_bitreversal_32
                0x00000000080038b4       0x40 ../Middlewares/Third_Party/ARM_CMSIS/CMSIS/DSP/Lib/GCC\libarm_cortexM4lf_math.a(arm_bitreversal2.o)
                0x00000000080038b4                arm_bitreversal_32
 .text.arm_cmplx_mag_f32
                0x00000000080038f4      0x248 ../Middlewares/Third_Party/ARM_CMSIS/CMSIS/DSP/Lib/GCC\libarm_cortexM4lf_math.a(arm_cmplx_mag_f32.o)
                0x00000000080038f4                arm_cmplx_mag_f32
 .text.arm_radix8_butterfly_f32
                0x0000000008003b3c      0x598 ../Middlewares/Third_Party/ARM_CMSIS/CMSIS/DSP/Lib/GCC\libarm_cortexM4lf_math.a(arm_cfft_radix8_f32.o)
                0x0000000008003b3c                arm_radix8_butterfly_f32
 .text.__errno  0x00000000080040d4        0xc c:/st/stm32cubeide_1.9.0/stm32cubeide/plugins/com.st.stm32cube.ide.mcu.externaltools.gnu-tools-for-stm32.10.3-2021.10.win32_1.0.0.202111181127/tools/bin/../lib/gcc/arm-none-eabi/10.3.1/../../../../arm-none-eabi/lib/thumb/v7e-m+fp/hard\libc_nano.a(lib_a-errno.o)
                0x00000000080040d4                __errno
 .text.__libc_init_array
                0x00000000080040e0       0x48 c:/st/stm32cubeide_1.9.0/stm32cubeide/plugins/com.st.stm32cube.ide.mcu.externaltools.gnu-tools-for-stm32.10.3-2021.10.win32_1.0.0.202111181127/tools/bin/../lib/gcc/arm-none-eabi/10.3.1/../../../../arm-none-eabi/lib/thumb/v7e-m+fp/hard\libc_nano.a(lib_a-init.o)
                0x00000000080040e0                __libc_init_array
 .text.memset   0x0000000008004128       0x10 c:/st/stm32cubeide_1.9.0/stm32cubeide/plugins/com.st.stm32cube.ide.mcu.externaltools.gnu-tools-for-stm32.10.3-2021.10.win32_1.0.0.202111181127/tools/bin/../lib/gcc/arm-none-eabi/10.3.1/../../../../arm-none-eabi/lib/thumb/v7e-m+fp/hard\libc_nano.a(lib_a-memset.o)
                0x0000000008004128                memset
 .text.sqrtf    0x0000000008004138       0x3c c:/st/stm32cubeide_1.9.0/stm32cubeide/plugins/com.st.stm32cube.ide.mcu.externaltools.gnu-tools-for-stm32.10.3-2021.10.win32_1.0.0.202111181127/tools/bin/../lib/gcc/arm-none-eabi/10.3.1/../../../../arm-none-eabi/lib/thumb/v7e-m+fp/hard\libm.a(lib_a-wf_sqrt.o)
                0x0000000008004138                sqrtf
 .text.__ieee754_sqrtf
                0x0000000008004174        0x6 c:/st/stm32cubeide_1.9.0/stm32cubeide/plugins/com.st.stm32cube.ide.mcu.externaltools.gnu-tools-for-stm32.10.3-2021.10.win32_1.0.0.202111181127/tools/bin/../lib/gcc/arm-none-eabi/10.3.1/../../../../arm-none-eabi/lib/thumb/v7e-m+fp/hard\libm.a(lib_a-ef_sqrt.o)
                0x0000000008004174                __ieee754_sqrtf
 *(.glue_7)
 .glue_7        0x000000000800417a        0x0 linker stubs
 *(.glue_7t)
 .glue_7t       0x000000000800417a        0x0 linker stubs
 *(.eh_frame)
 *fill*         0x000000000800417a        0x2 
 .eh_frame      0x000000000800417c        0x0 c:/st/stm32cubeide_1.9.0/stm32cubeide/plugins/com.st.stm32cube.ide.mcu.externaltools.gnu-tools-for-stm32.10.3-2021.10.win32_1.0.0.202111181127/tools/bin/../lib/gcc/arm-none-eabi/10.3.1/thumb/v7e-m+fp/hard/crtbegin.o
 *(.init)
 .init          0x000000000800417c        0x4 c:/st/stm32cubeide_1.9.0/stm32cubeide/plugins/com.st.stm32cube.ide.mcu.externaltools.gnu-tools-for-stm32.10.3-2021.10.win32_1.0.0.202111181127/tools/bin/../lib/gcc/arm-none-eabi/10.3.1/thumb/v7e-m+fp/hard/crti.o
                0x000000000800417c                _init
 .init          0x0000000008004180        0x8 c:/st/stm32cubeide_1.9.0/stm32cubeide/plugins/com.st.stm32cube.ide.mcu.externaltools.gnu-tools-for-stm32.10.3-2021.10.win32_1.0.0.202111181127/tools/bin/../lib/gcc/arm-none-eabi/10.3.1/thumb/v7e-m+fp/hard/crtn.o
 *(.fini)
 .fini          0x0000000008004188        0x4 c:/st/stm32cubeide_1.9.0/stm32cubeide/plugins/com.st.stm32cube.ide.mcu.externaltools.gnu-tools-for-stm32.10.3-2021.10.win32_1.0.0.202111181127/tools/bin/../lib/gcc/arm-none-eabi/10.3.1/thumb/v7e-m+fp/hard/crti.o
                0x0000000008004188                _fini
 .fini          0x000000000800418c        0x8 c:/st/stm32cubeide_1.9.0/stm32cubeide/plugins/com.st.stm32cube.ide.mcu.externaltools.gnu-tools-for-stm32.10.3-2021.10.win32_1.0.0.202111181127/tools/bin/../lib/gcc/arm-none-eabi/10.3.1/thumb/v7e-m+fp/hard/crtn.o
                0x0000000008004194                . = ALIGN (0x4)
                0x0000000008004194                _etext = .

.vfp11_veneer   0x0000000008004194        0x0
 .vfp11_veneer  0x0000000008004194        0x0 linker stubs

.v4_bx          0x0000000008004194        0x0
 .v4_bx         0x0000000008004194        0x0 linker stubs

.iplt           0x0000000008004194        0x0
 .iplt          0x0000000008004194        0x0 c:/st/stm32cubeide_1.9.0/stm32cubeide/plugins/com.st.stm32cube.ide.mcu.externaltools.gnu-tools-for-stm32.10.3-2021.10.win32_1.0.0.202111181127/tools/bin/../lib/gcc/arm-none-eabi/10.3.1/thumb/v7e-m+fp/hard/crtbegin.o

.rodata         0x0000000008004194    0x15508
                0x0000000008004194                . = ALIGN (0x4)
 *(.rodata)
 .rodata        0x0000000008004194        0x5 ./Core/Src/main.o
 *(.rodata*)
 *fill*         0x0000000008004199        0x3 
 .rodata.AHBPrescTable
                0x000000000800419c       0x10 ./Core/Src/system_stm32f4xx.o
                0x000000000800419c                AHBPrescTable
 .rodata.APBPrescTable
                0x00000000080041ac        0x8 ./Core/Src/system_stm32f4xx.o
                0x00000000080041ac                APBPrescTable
 .rodata.arm_cfft_sR_f32_len1024
                0x00000000080041b4       0x10 ../Middlewares/Third_Party/ARM_CMSIS/CMSIS/DSP/Lib/GCC\libarm_cortexM4lf_math.a(arm_const_structs.o)
                0x00000000080041b4                arm_cfft_sR_f32_len1024
 .rodata.arm_cfft_sR_f32_len128
                0x00000000080041c4       0x10 ../Middlewares/Third_Party/ARM_CMSIS/CMSIS/DSP/Lib/GCC\libarm_cortexM4lf_math.a(arm_const_structs.o)
                0x00000000080041c4                arm_cfft_sR_f32_len128
 .rodata.arm_cfft_sR_f32_len16
                0x00000000080041d4       0x10 ../Middlewares/Third_Party/ARM_CMSIS/CMSIS/DSP/Lib/GCC\libarm_cortexM4lf_math.a(arm_const_structs.o)
                0x00000000080041d4                arm_cfft_sR_f32_len16
 .rodata.arm_cfft_sR_f32_len2048
                0x00000000080041e4       0x10 ../Middlewares/Third_Party/ARM_CMSIS/CMSIS/DSP/Lib/GCC\libarm_cortexM4lf_math.a(arm_const_structs.o)
                0x00000000080041e4                arm_cfft_sR_f32_len2048
 .rodata.arm_cfft_sR_f32_len256
                0x00000000080041f4       0x10 ../Middlewares/Third_Party/ARM_CMSIS/CMSIS/DSP/Lib/GCC\libarm_cortexM4lf_math.a(arm_const_structs.o)
                0x00000000080041f4                arm_cfft_sR_f32_len256
 .rodata.arm_cfft_sR_f32_len32
                0x0000000008004204       0x10 ../Middlewares/Third_Party/ARM_CMSIS/CMSIS/DSP/Lib/GCC\libarm_cortexM4lf_math.a(arm_const_structs.o)
                0x0000000008004204                arm_cfft_sR_f32_len32
 .rodata.arm_cfft_sR_f32_len4096
                0x0000000008004214       0x10 ../Middlewares/Third_Party/ARM_CMSIS/CMSIS/DSP/Lib/GCC\libarm_cortexM4lf_math.a(arm_const_structs.o)
                0x0000000008004214                arm_cfft_sR_f32_len4096
 .rodata.arm_cfft_sR_f32_len512
                0x0000000008004224       0x10 ../Middlewares/Third_Party/ARM_CMSIS/CMSIS/DSP/Lib/GCC\libarm_cortexM4lf_math.a(arm_const_structs.o)
                0x0000000008004224                arm_cfft_sR_f32_len512
 .rodata.arm_cfft_sR_f32_len64
                0x0000000008004234       0x10 ../Middlewares/Third_Party/ARM_CMSIS/CMSIS/DSP/Lib/GCC\libarm_cortexM4lf_math.a(arm_const_structs.o)
                0x0000000008004234                arm_cfft_sR_f32_len64
 .rodata.armBitRevIndexTable1024
                0x0000000008004244      0xe10 ../Middlewares/Third_Party/ARM_CMSIS/CMSIS/DSP/Lib/GCC\libarm_cortexM4lf_math.a(arm_common_tables.o)
                0x0000000008004244                armBitRevIndexTable1024
 .rodata.armBitRevIndexTable128
                0x0000000008005054      0x1a0 ../Middlewares/Third_Party/ARM_CMSIS/CMSIS/DSP/Lib/GCC\libarm_cortexM4lf_math.a(arm_common_tables.o)
                0x0000000008005054                armBitRevIndexTable128
 .rodata.armBitRevIndexTable16
                0x00000000080051f4       0x28 ../Middlewares/Third_Party/ARM_CMSIS/CMSIS/DSP/Lib/GCC\libarm_cortexM4lf_math.a(arm_common_tables.o)
                0x00000000080051f4                armBitRevIndexTable16
 .rodata.armBitRevIndexTable2048
                0x000000000800521c     0x1dc0 ../Middlewares/Third_Party/ARM_CMSIS/CMSIS/DSP/Lib/GCC\libarm_cortexM4lf_math.a(arm_common_tables.o)
                0x000000000800521c                armBitRevIndexTable2048
 .rodata.armBitRevIndexTable256
                0x0000000008006fdc      0x370 ../Middlewares/Third_Party/ARM_CMSIS/CMSIS/DSP/Lib/GCC\libarm_cortexM4lf_math.a(arm_common_tables.o)
                0x0000000008006fdc                armBitRevIndexTable256
 .rodata.armBitRevIndexTable32
                0x000000000800734c       0x60 ../Middlewares/Third_Party/ARM_CMSIS/CMSIS/DSP/Lib/GCC\libarm_cortexM4lf_math.a(arm_common_tables.o)
                0x000000000800734c                armBitRevIndexTable32
 .rodata.armBitRevIndexTable4096
                0x00000000080073ac     0x1f80 ../Middlewares/Third_Party/ARM_CMSIS/CMSIS/DSP/Lib/GCC\libarm_cortexM4lf_math.a(arm_common_tables.o)
                0x00000000080073ac                armBitRevIndexTable4096
 .rodata.armBitRevIndexTable512
                0x000000000800932c      0x380 ../Middlewares/Third_Party/ARM_CMSIS/CMSIS/DSP/Lib/GCC\libarm_cortexM4lf_math.a(arm_common_tables.o)
                0x000000000800932c                armBitRevIndexTable512
 .rodata.armBitRevIndexTable64
                0x00000000080096ac       0x70 ../Middlewares/Third_Party/ARM_CMSIS/CMSIS/DSP/Lib/GCC\libarm_cortexM4lf_math.a(arm_common_tables.o)
                0x00000000080096ac                armBitRevIndexTable64
 .rodata.twiddleCoef_1024
                0x000000000800971c     0x2000 ../Middlewares/Third_Party/ARM_CMSIS/CMSIS/DSP/Lib/GCC\libarm_cortexM4lf_math.a(arm_common_tables.o)
                0x000000000800971c                twiddleCoef_1024
 .rodata.twiddleCoef_128
                0x000000000800b71c      0x400 ../Middlewares/Third_Party/ARM_CMSIS/CMSIS/DSP/Lib/GCC\libarm_cortexM4lf_math.a(arm_common_tables.o)
                0x000000000800b71c                twiddleCoef_128
 .rodata.twiddleCoef_16
                0x000000000800bb1c       0x80 ../Middlewares/Third_Party/ARM_CMSIS/CMSIS/DSP/Lib/GCC\libarm_cortexM4lf_math.a(arm_common_tables.o)
                0x000000000800bb1c                twiddleCoef_16
 .rodata.twiddleCoef_2048
                0x000000000800bb9c     0x4000 ../Middlewares/Third_Party/ARM_CMSIS/CMSIS/DSP/Lib/GCC\libarm_cortexM4lf_math.a(arm_common_tables.o)
                0x000000000800bb9c                twiddleCoef_2048
 .rodata.twiddleCoef_256
                0x000000000800fb9c      0x800 ../Middlewares/Third_Party/ARM_CMSIS/CMSIS/DSP/Lib/GCC\libarm_cortexM4lf_math.a(arm_common_tables.o)
                0x000000000800fb9c                twiddleCoef_256
 .rodata.twiddleCoef_32
                0x000000000801039c      0x100 ../Middlewares/Third_Party/ARM_CMSIS/CMSIS/DSP/Lib/GCC\libarm_cortexM4lf_math.a(arm_common_tables.o)
                0x000000000801039c                twiddleCoef_32
 .rodata.twiddleCoef_4096
                0x000000000801049c     0x8000 ../Middlewares/Third_Party/ARM_CMSIS/CMSIS/DSP/Lib/GCC\libarm_cortexM4lf_math.a(arm_common_tables.o)
                0x000000000801049c                twiddleCoef_4096
 .rodata.twiddleCoef_512
                0x000000000801849c     0x1000 ../Middlewares/Third_Party/ARM_CMSIS/CMSIS/DSP/Lib/GCC\libarm_cortexM4lf_math.a(arm_common_tables.o)
                0x000000000801849c                twiddleCoef_512
 .rodata.twiddleCoef_64
                0x000000000801949c      0x200 ../Middlewares/Third_Party/ARM_CMSIS/CMSIS/DSP/Lib/GCC\libarm_cortexM4lf_math.a(arm_common_tables.o)
                0x000000000801949c                twiddleCoef_64
                0x000000000801969c                . = ALIGN (0x4)

.ARM.extab      0x000000000801969c        0x0
                0x000000000801969c                . = ALIGN (0x4)
 *(.ARM.extab* .gnu.linkonce.armextab.*)
                0x000000000801969c                . = ALIGN (0x4)

.ARM            0x000000000801969c        0x8
                0x000000000801969c                . = ALIGN (0x4)
                0x000000000801969c                __exidx_start = .
 *(.ARM.exidx*)
 .ARM.exidx     0x000000000801969c        0x8 c:/st/stm32cubeide_1.9.0/stm32cubeide/plugins/com.st.stm32cube.ide.mcu.externaltools.gnu-tools-for-stm32.10.3-2021.10.win32_1.0.0.202111181127/tools/bin/../lib/gcc/arm-none-eabi/10.3.1/thumb/v7e-m+fp/hard\libgcc.a(_udivmoddi4.o)
                0x00000000080196a4                __exidx_end = .
                0x00000000080196a4                . = ALIGN (0x4)

.rel.dyn        0x00000000080196a4        0x0
 .rel.iplt      0x00000000080196a4        0x0 c:/st/stm32cubeide_1.9.0/stm32cubeide/plugins/com.st.stm32cube.ide.mcu.externaltools.gnu-tools-for-stm32.10.3-2021.10.win32_1.0.0.202111181127/tools/bin/../lib/gcc/arm-none-eabi/10.3.1/thumb/v7e-m+fp/hard/crtbegin.o

.preinit_array  0x00000000080196a4        0x0
                0x00000000080196a4                . = ALIGN (0x4)
                0x00000000080196a4                PROVIDE (__preinit_array_start = .)
 *(.preinit_array*)
                0x00000000080196a4                PROVIDE (__preinit_array_end = .)
                0x00000000080196a4                . = ALIGN (0x4)

.init_array     0x00000000080196a4        0x4
                0x00000000080196a4                . = ALIGN (0x4)
                0x00000000080196a4                PROVIDE (__init_array_start = .)
 *(SORT_BY_NAME(.init_array.*))
 *(.init_array*)
 .init_array    0x00000000080196a4        0x4 c:/st/stm32cubeide_1.9.0/stm32cubeide/plugins/com.st.stm32cube.ide.mcu.externaltools.gnu-tools-for-stm32.10.3-2021.10.win32_1.0.0.202111181127/tools/bin/../lib/gcc/arm-none-eabi/10.3.1/thumb/v7e-m+fp/hard/crtbegin.o
                0x00000000080196a8                PROVIDE (__init_array_end = .)
                0x00000000080196a8                . = ALIGN (0x4)

.fini_array     0x00000000080196a8        0x4
                0x00000000080196a8                . = ALIGN (0x4)
                [!provide]                        PROVIDE (__fini_array_start = .)
 *(SORT_BY_NAME(.fini_array.*))
 *(.fini_array*)
 .fini_array    0x00000000080196a8        0x4 c:/st/stm32cubeide_1.9.0/stm32cubeide/plugins/com.st.stm32cube.ide.mcu.externaltools.gnu-tools-for-stm32.10.3-2021.10.win32_1.0.0.202111181127/tools/bin/../lib/gcc/arm-none-eabi/10.3.1/thumb/v7e-m+fp/hard/crtbegin.o
                [!provide]                        PROVIDE (__fini_array_end = .)
                0x00000000080196ac                . = ALIGN (0x4)
                0x00000000080196ac                _sidata = LOADADDR (.data)

.data           0x0000000020000000      0x1b4 load address 0x00000000080196ac
                0x0000000020000000                . = ALIGN (0x4)
                0x0000000020000000                _sdata = .
 *(.data)
 *(.data*)
 .data.display_matrix
                0x0000000020000000        0x8 ./Core/Src/main.o
                0x0000000020000000                display_matrix
 .data.fftSize  0x0000000020000008        0x4 ./Core/Src/main.o
                0x0000000020000008                fftSize
 .data.doBitReverse
                0x000000002000000c        0x4 ./Core/Src/main.o
                0x000000002000000c                doBitReverse
 .data.refIndex
                0x0000000020000010        0x4 ./Core/Src/main.o
                0x0000000020000010                refIndex
 .data.disp1ay  0x0000000020000014      0x130 ./Core/Src/max_led_.o
                0x0000000020000014                disp1ay
 .data.SystemCoreClock
                0x0000000020000144        0x4 ./Core/Src/system_stm32f4xx.o
                0x0000000020000144                SystemCoreClock
 .data.uwTickPrio
                0x0000000020000148        0x4 ./Drivers/STM32F4xx_HAL_Driver/Src/stm32f4xx_hal.o
                0x0000000020000148                uwTickPrio
 .data.uwTickFreq
                0x000000002000014c        0x1 ./Drivers/STM32F4xx_HAL_Driver/Src/stm32f4xx_hal.o
                0x000000002000014c                uwTickFreq
 *fill*         0x000000002000014d        0x3 
 .data._impure_ptr
                0x0000000020000150        0x4 c:/st/stm32cubeide_1.9.0/stm32cubeide/plugins/com.st.stm32cube.ide.mcu.externaltools.gnu-tools-for-stm32.10.3-2021.10.win32_1.0.0.202111181127/tools/bin/../lib/gcc/arm-none-eabi/10.3.1/../../../../arm-none-eabi/lib/thumb/v7e-m+fp/hard\libc_nano.a(lib_a-impure.o)
                0x0000000020000150                _impure_ptr
 .data.impure_data
                0x0000000020000154       0x60 c:/st/stm32cubeide_1.9.0/stm32cubeide/plugins/com.st.stm32cube.ide.mcu.externaltools.gnu-tools-for-stm32.10.3-2021.10.win32_1.0.0.202111181127/tools/bin/../lib/gcc/arm-none-eabi/10.3.1/../../../../arm-none-eabi/lib/thumb/v7e-m+fp/hard\libc_nano.a(lib_a-impure.o)
 *(.RamFunc)
 *(.RamFunc*)
                0x00000000200001b4                . = ALIGN (0x4)
                0x00000000200001b4                _edata = .

.igot.plt       0x00000000200001b4        0x0 load address 0x0000000008019860
 .igot.plt      0x00000000200001b4        0x0 c:/st/stm32cubeide_1.9.0/stm32cubeide/plugins/com.st.stm32cube.ide.mcu.externaltools.gnu-tools-for-stm32.10.3-2021.10.win32_1.0.0.202111181127/tools/bin/../lib/gcc/arm-none-eabi/10.3.1/thumb/v7e-m+fp/hard/crtbegin.o
                0x00000000200001b4                . = ALIGN (0x4)

.bss            0x00000000200001b4      0xd64 load address 0x0000000008019860
                0x00000000200001b4                _sbss = .
                0x00000000200001b4                __bss_start__ = _sbss
 *(.bss)
 .bss           0x00000000200001b4       0x1c c:/st/stm32cubeide_1.9.0/stm32cubeide/plugins/com.st.stm32cube.ide.mcu.externaltools.gnu-tools-for-stm32.10.3-2021.10.win32_1.0.0.202111181127/tools/bin/../lib/gcc/arm-none-eabi/10.3.1/thumb/v7e-m+fp/hard/crtbegin.o
 *(.bss*)
 .bss.hadc1     0x00000000200001d0       0x48 ./Core/Src/main.o
                0x00000000200001d0                hadc1
 .bss.hspi2     0x0000000020000218       0x58 ./Core/Src/main.o
                0x0000000020000218                hspi2
 .bss.huart2    0x0000000020000270       0x44 ./Core/Src/main.o
                0x0000000020000270                huart2
 .bss.Adc_input
                0x00000000200002b4      0x800 ./Core/Src/main.o
                0x00000000200002b4                Adc_input
 .bss.FFT_output
                0x0000000020000ab4      0x400 ./Core/Src/main.o
                0x0000000020000ab4                FFT_output
 .bss.smol_FFT_out
                0x0000000020000eb4       0x20 ./Core/Src/main.o
                0x0000000020000eb4                smol_FFT_out
 .bss.smol_FFT_out_in_8_range
                0x0000000020000ed4       0x20 ./Core/Src/main.o
                0x0000000020000ed4                smol_FFT_out_in_8_range
 .bss.ifftFlag  0x0000000020000ef4        0x4 ./Core/Src/main.o
                0x0000000020000ef4                ifftFlag
 .bss.varInstCfftF32
                0x0000000020000ef8       0x10 ./Core/Src/main.o
                0x0000000020000ef8                varInstCfftF32
 .bss.testIndex
                0x0000000020000f08        0x4 ./Core/Src/main.o
                0x0000000020000f08                testIndex
 .bss.g_ADCValue
                0x0000000020000f0c        0x4 ./Core/Src/main.o
                0x0000000020000f0c                g_ADCValue
 .bss.i         0x0000000020000f10        0x4 ./Core/Src/main.o
                0x0000000020000f10                i
 .bss.uwTick    0x0000000020000f14        0x4 ./Drivers/STM32F4xx_HAL_Driver/Src/stm32f4xx_hal.o
                0x0000000020000f14                uwTick
 *(COMMON)
                0x0000000020000f18                . = ALIGN (0x4)
                0x0000000020000f18                _ebss = .
                0x0000000020000f18                __bss_end__ = _ebss

._user_heap_stack
                0x0000000020000f18      0x600 load address 0x0000000008019860
                0x0000000020000f18                . = ALIGN (0x8)
                [!provide]                        PROVIDE (end = .)
                0x0000000020000f18                PROVIDE (_end = .)
                0x0000000020001118                . = (. + _Min_Heap_Size)
 *fill*         0x0000000020000f18      0x200 
                0x0000000020001518                . = (. + _Min_Stack_Size)
 *fill*         0x0000000020001118      0x400 
                0x0000000020001518                . = ALIGN (0x8)

/DISCARD/
 libc.a(*)
 libm.a(*)
 libgcc.a(*)

.ARM.attributes
                0x0000000000000000       0x30
 *(.ARM.attributes)
 .ARM.attributes
                0x0000000000000000       0x1e c:/st/stm32cubeide_1.9.0/stm32cubeide/plugins/com.st.stm32cube.ide.mcu.externaltools.gnu-tools-for-stm32.10.3-2021.10.win32_1.0.0.202111181127/tools/bin/../lib/gcc/arm-none-eabi/10.3.1/thumb/v7e-m+fp/hard/crti.o
 .ARM.attributes
                0x000000000000001e       0x34 c:/st/stm32cubeide_1.9.0/stm32cubeide/plugins/com.st.stm32cube.ide.mcu.externaltools.gnu-tools-for-stm32.10.3-2021.10.win32_1.0.0.202111181127/tools/bin/../lib/gcc/arm-none-eabi/10.3.1/thumb/v7e-m+fp/hard/crtbegin.o
 .ARM.attributes
                0x0000000000000052       0x34 ./Core/Src/main.o
 .ARM.attributes
                0x0000000000000086       0x34 ./Core/Src/max_led_.o
 .ARM.attributes
                0x00000000000000ba       0x34 ./Core/Src/stm32f4xx_hal_msp.o
 .ARM.attributes
                0x00000000000000ee       0x34 ./Core/Src/stm32f4xx_it.o
 .ARM.attributes
                0x0000000000000122       0x34 ./Core/Src/system_stm32f4xx.o
 .ARM.attributes
                0x0000000000000156       0x21 ./Core/Startup/startup_stm32f446retx.o
 .ARM.attributes
                0x0000000000000177       0x34 ./Drivers/STM32F4xx_HAL_Driver/Src/stm32f4xx_hal.o
 .ARM.attributes
                0x00000000000001ab       0x34 ./Drivers/STM32F4xx_HAL_Driver/Src/stm32f4xx_hal_adc.o
 .ARM.attributes
                0x00000000000001df       0x34 ./Drivers/STM32F4xx_HAL_Driver/Src/stm32f4xx_hal_cortex.o
 .ARM.attributes
                0x0000000000000213       0x34 ./Drivers/STM32F4xx_HAL_Driver/Src/stm32f4xx_hal_gpio.o
 .ARM.attributes
                0x0000000000000247       0x34 ./Drivers/STM32F4xx_HAL_Driver/Src/stm32f4xx_hal_rcc.o
 .ARM.attributes
                0x000000000000027b       0x34 ./Drivers/STM32F4xx_HAL_Driver/Src/stm32f4xx_hal_rcc_ex.o
 .ARM.attributes
                0x00000000000002af       0x34 ./Drivers/STM32F4xx_HAL_Driver/Src/stm32f4xx_hal_spi.o
 .ARM.attributes
                0x00000000000002e3       0x34 ./Drivers/STM32F4xx_HAL_Driver/Src/stm32f4xx_hal_uart.o
 .ARM.attributes
                0x0000000000000317       0x34 ../Middlewares/Third_Party/ARM_CMSIS/CMSIS/DSP/Lib/GCC\libarm_cortexM4lf_math.a(arm_cfft_init_f32.o)
 .ARM.attributes
                0x000000000000034b       0x34 ../Middlewares/Third_Party/ARM_CMSIS/CMSIS/DSP/Lib/GCC\libarm_cortexM4lf_math.a(arm_cfft_f32.o)
 .ARM.attributes
                0x000000000000037f       0x34 ../Middlewares/Third_Party/ARM_CMSIS/CMSIS/DSP/Lib/GCC\libarm_cortexM4lf_math.a(arm_bitreversal2.o)
 .ARM.attributes
                0x00000000000003b3       0x34 ../Middlewares/Third_Party/ARM_CMSIS/CMSIS/DSP/Lib/GCC\libarm_cortexM4lf_math.a(arm_cmplx_mag_f32.o)
 .ARM.attributes
                0x00000000000003e7       0x39 ../Middlewares/Third_Party/ARM_CMSIS/CMSIS/DSP/Lib/GCC\libarm_cortexM4lf_math.a(arm_const_structs.o)
 .ARM.attributes
                0x0000000000000420       0x39 ../Middlewares/Third_Party/ARM_CMSIS/CMSIS/DSP/Lib/GCC\libarm_cortexM4lf_math.a(arm_common_tables.o)
 .ARM.attributes
                0x0000000000000459       0x34 ../Middlewares/Third_Party/ARM_CMSIS/CMSIS/DSP/Lib/GCC\libarm_cortexM4lf_math.a(arm_cfft_radix8_f32.o)
 .ARM.attributes
                0x000000000000048d       0x34 c:/st/stm32cubeide_1.9.0/stm32cubeide/plugins/com.st.stm32cube.ide.mcu.externaltools.gnu-tools-for-stm32.10.3-2021.10.win32_1.0.0.202111181127/tools/bin/../lib/gcc/arm-none-eabi/10.3.1/../../../../arm-none-eabi/lib/thumb/v7e-m+fp/hard\libc_nano.a(lib_a-errno.o)
 .ARM.attributes
                0x00000000000004c1       0x34 c:/st/stm32cubeide_1.9.0/stm32cubeide/plugins/com.st.stm32cube.ide.mcu.externaltools.gnu-tools-for-stm32.10.3-2021.10.win32_1.0.0.202111181127/tools/bin/../lib/gcc/arm-none-eabi/10.3.1/../../../../arm-none-eabi/lib/thumb/v7e-m+fp/hard\libc_nano.a(lib_a-impure.o)
 .ARM.attributes
                0x00000000000004f5       0x34 c:/st/stm32cubeide_1.9.0/stm32cubeide/plugins/com.st.stm32cube.ide.mcu.externaltools.gnu-tools-for-stm32.10.3-2021.10.win32_1.0.0.202111181127/tools/bin/../lib/gcc/arm-none-eabi/10.3.1/../../../../arm-none-eabi/lib/thumb/v7e-m+fp/hard\libc_nano.a(lib_a-init.o)
 .ARM.attributes
                0x0000000000000529       0x34 c:/st/stm32cubeide_1.9.0/stm32cubeide/plugins/com.st.stm32cube.ide.mcu.externaltools.gnu-tools-for-stm32.10.3-2021.10.win32_1.0.0.202111181127/tools/bin/../lib/gcc/arm-none-eabi/10.3.1/../../../../arm-none-eabi/lib/thumb/v7e-m+fp/hard\libc_nano.a(lib_a-memset.o)
 .ARM.attributes
                0x000000000000055d       0x34 c:/st/stm32cubeide_1.9.0/stm32cubeide/plugins/com.st.stm32cube.ide.mcu.externaltools.gnu-tools-for-stm32.10.3-2021.10.win32_1.0.0.202111181127/tools/bin/../lib/gcc/arm-none-eabi/10.3.1/../../../../arm-none-eabi/lib/thumb/v7e-m+fp/hard\libm.a(lib_a-wf_sqrt.o)
 .ARM.attributes
                0x0000000000000591       0x34 c:/st/stm32cubeide_1.9.0/stm32cubeide/plugins/com.st.stm32cube.ide.mcu.externaltools.gnu-tools-for-stm32.10.3-2021.10.win32_1.0.0.202111181127/tools/bin/../lib/gcc/arm-none-eabi/10.3.1/../../../../arm-none-eabi/lib/thumb/v7e-m+fp/hard\libm.a(lib_a-ef_sqrt.o)
 .ARM.attributes
                0x00000000000005c5       0x1e c:/st/stm32cubeide_1.9.0/stm32cubeide/plugins/com.st.stm32cube.ide.mcu.externaltools.gnu-tools-for-stm32.10.3-2021.10.win32_1.0.0.202111181127/tools/bin/../lib/gcc/arm-none-eabi/10.3.1/thumb/v7e-m+fp/hard\libgcc.a(_aeabi_uldivmod.o)
 .ARM.attributes
                0x00000000000005e3       0x34 c:/st/stm32cubeide_1.9.0/stm32cubeide/plugins/com.st.stm32cube.ide.mcu.externaltools.gnu-tools-for-stm32.10.3-2021.10.win32_1.0.0.202111181127/tools/bin/../lib/gcc/arm-none-eabi/10.3.1/thumb/v7e-m+fp/hard\libgcc.a(_udivmoddi4.o)
 .ARM.attributes
                0x0000000000000617       0x1e c:/st/stm32cubeide_1.9.0/stm32cubeide/plugins/com.st.stm32cube.ide.mcu.externaltools.gnu-tools-for-stm32.10.3-2021.10.win32_1.0.0.202111181127/tools/bin/../lib/gcc/arm-none-eabi/10.3.1/thumb/v7e-m+fp/hard\libgcc.a(_dvmd_tls.o)
 .ARM.attributes
                0x0000000000000635       0x1e c:/st/stm32cubeide_1.9.0/stm32cubeide/plugins/com.st.stm32cube.ide.mcu.externaltools.gnu-tools-for-stm32.10.3-2021.10.win32_1.0.0.202111181127/tools/bin/../lib/gcc/arm-none-eabi/10.3.1/thumb/v7e-m+fp/hard/crtn.o
OUTPUT(STM32_F4_MIC_FFT.elf elf32-littlearm)
LOAD linker stubs
LOAD c:/st/stm32cubeide_1.9.0/stm32cubeide/plugins/com.st.stm32cube.ide.mcu.externaltools.gnu-tools-for-stm32.10.3-2021.10.win32_1.0.0.202111181127/tools/bin/../lib/gcc/arm-none-eabi/10.3.1/../../../../arm-none-eabi/lib/thumb/v7e-m+fp/hard\libc.a
LOAD c:/st/stm32cubeide_1.9.0/stm32cubeide/plugins/com.st.stm32cube.ide.mcu.externaltools.gnu-tools-for-stm32.10.3-2021.10.win32_1.0.0.202111181127/tools/bin/../lib/gcc/arm-none-eabi/10.3.1/../../../../arm-none-eabi/lib/thumb/v7e-m+fp/hard\libm.a
LOAD c:/st/stm32cubeide_1.9.0/stm32cubeide/plugins/com.st.stm32cube.ide.mcu.externaltools.gnu-tools-for-stm32.10.3-2021.10.win32_1.0.0.202111181127/tools/bin/../lib/gcc/arm-none-eabi/10.3.1/thumb/v7e-m+fp/hard\libgcc.a

.debug_info     0x0000000000000000    0x16b6e
 .debug_info    0x0000000000000000     0x17bf ./Core/Src/main.o
 .debug_info    0x00000000000017bf      0x2bc ./Core/Src/max_led_.o
 .debug_info    0x0000000000001a7b      0xfee ./Core/Src/stm32f4xx_hal_msp.o
 .debug_info    0x0000000000002a69      0x121 ./Core/Src/stm32f4xx_it.o
 .debug_info    0x0000000000002b8a      0x55b ./Core/Src/system_stm32f4xx.o
 .debug_info    0x00000000000030e5       0x22 ./Core/Startup/startup_stm32f446retx.o
 .debug_info    0x0000000000003107      0x9d2 ./Drivers/STM32F4xx_HAL_Driver/Src/stm32f4xx_hal.o
 .debug_info    0x0000000000003ad9      0xd70 ./Drivers/STM32F4xx_HAL_Driver/Src/stm32f4xx_hal_adc.o
 .debug_info    0x0000000000004849      0xe39 ./Drivers/STM32F4xx_HAL_Driver/Src/stm32f4xx_hal_cortex.o
 .debug_info    0x0000000000005682      0x7be ./Drivers/STM32F4xx_HAL_Driver/Src/stm32f4xx_hal_gpio.o
 .debug_info    0x0000000000005e40      0x9ab ./Drivers/STM32F4xx_HAL_Driver/Src/stm32f4xx_hal_rcc.o
 .debug_info    0x00000000000067eb      0x9ec ./Drivers/STM32F4xx_HAL_Driver/Src/stm32f4xx_hal_rcc_ex.o
 .debug_info    0x00000000000071d7     0x1758 ./Drivers/STM32F4xx_HAL_Driver/Src/stm32f4xx_hal_spi.o
 .debug_info    0x000000000000892f     0x31bc ./Drivers/STM32F4xx_HAL_Driver/Src/stm32f4xx_hal_uart.o
 .debug_info    0x000000000000baeb     0x1c05 ../Middlewares/Third_Party/ARM_CMSIS/CMSIS/DSP/Lib/GCC\libarm_cortexM4lf_math.a(arm_cfft_init_f32.o)
 .debug_info    0x000000000000d6f0     0x1ed6 ../Middlewares/Third_Party/ARM_CMSIS/CMSIS/DSP/Lib/GCC\libarm_cortexM4lf_math.a(arm_cfft_f32.o)
 .debug_info    0x000000000000f5c6     0x19aa ../Middlewares/Third_Party/ARM_CMSIS/CMSIS/DSP/Lib/GCC\libarm_cortexM4lf_math.a(arm_bitreversal2.o)
 .debug_info    0x0000000000010f70      0xcbb ../Middlewares/Third_Party/ARM_CMSIS/CMSIS/DSP/Lib/GCC\libarm_cortexM4lf_math.a(arm_cmplx_mag_f32.o)
 .debug_info    0x0000000000011c2b     0x21e3 ../Middlewares/Third_Party/ARM_CMSIS/CMSIS/DSP/Lib/GCC\libarm_cortexM4lf_math.a(arm_const_structs.o)
 .debug_info    0x0000000000013e0e     0x1e86 ../Middlewares/Third_Party/ARM_CMSIS/CMSIS/DSP/Lib/GCC\libarm_cortexM4lf_math.a(arm_common_tables.o)
 .debug_info    0x0000000000015c94      0xeda ../Middlewares/Third_Party/ARM_CMSIS/CMSIS/DSP/Lib/GCC\libarm_cortexM4lf_math.a(arm_cfft_radix8_f32.o)

.debug_abbrev   0x0000000000000000     0x2ae8
 .debug_abbrev  0x0000000000000000      0x385 ./Core/Src/main.o
 .debug_abbrev  0x0000000000000385      0x175 ./Core/Src/max_led_.o
 .debug_abbrev  0x00000000000004fa      0x1dd ./Core/Src/stm32f4xx_hal_msp.o
 .debug_abbrev  0x00000000000006d7       0x74 ./Core/Src/stm32f4xx_it.o
 .debug_abbrev  0x000000000000074b      0x116 ./Core/Src/system_stm32f4xx.o
 .debug_abbrev  0x0000000000000861       0x12 ./Core/Startup/startup_stm32f446retx.o
 .debug_abbrev  0x0000000000000873      0x20d ./Drivers/STM32F4xx_HAL_Driver/Src/stm32f4xx_hal.o
 .debug_abbrev  0x0000000000000a80      0x244 ./Drivers/STM32F4xx_HAL_Driver/Src/stm32f4xx_hal_adc.o
 .debug_abbrev  0x0000000000000cc4      0x316 ./Drivers/STM32F4xx_HAL_Driver/Src/stm32f4xx_hal_cortex.o
 .debug_abbrev  0x0000000000000fda      0x1c4 ./Drivers/STM32F4xx_HAL_Driver/Src/stm32f4xx_hal_gpio.o
 .debug_abbrev  0x000000000000119e      0x2aa ./Drivers/STM32F4xx_HAL_Driver/Src/stm32f4xx_hal_rcc.o
 .debug_abbrev  0x0000000000001448      0x1fb ./Drivers/STM32F4xx_HAL_Driver/Src/stm32f4xx_hal_rcc_ex.o
 .debug_abbrev  0x0000000000001643      0x26e ./Drivers/STM32F4xx_HAL_Driver/Src/stm32f4xx_hal_spi.o
 .debug_abbrev  0x00000000000018b1      0x2f4 ./Drivers/STM32F4xx_HAL_Driver/Src/stm32f4xx_hal_uart.o
 .debug_abbrev  0x0000000000001ba5      0x232 ../Middlewares/Third_Party/ARM_CMSIS/CMSIS/DSP/Lib/GCC\libarm_cortexM4lf_math.a(arm_cfft_init_f32.o)
 .debug_abbrev  0x0000000000001dd7      0x288 ../Middlewares/Third_Party/ARM_CMSIS/CMSIS/DSP/Lib/GCC\libarm_cortexM4lf_math.a(arm_cfft_f32.o)
 .debug_abbrev  0x000000000000205f      0x21a ../Middlewares/Third_Party/ARM_CMSIS/CMSIS/DSP/Lib/GCC\libarm_cortexM4lf_math.a(arm_bitreversal2.o)
 .debug_abbrev  0x0000000000002279      0x288 ../Middlewares/Third_Party/ARM_CMSIS/CMSIS/DSP/Lib/GCC\libarm_cortexM4lf_math.a(arm_cmplx_mag_f32.o)
 .debug_abbrev  0x0000000000002501      0x1f0 ../Middlewares/Third_Party/ARM_CMSIS/CMSIS/DSP/Lib/GCC\libarm_cortexM4lf_math.a(arm_const_structs.o)
 .debug_abbrev  0x00000000000026f1      0x1ec ../Middlewares/Third_Party/ARM_CMSIS/CMSIS/DSP/Lib/GCC\libarm_cortexM4lf_math.a(arm_common_tables.o)
 .debug_abbrev  0x00000000000028dd      0x20b ../Middlewares/Third_Party/ARM_CMSIS/CMSIS/DSP/Lib/GCC\libarm_cortexM4lf_math.a(arm_cfft_radix8_f32.o)

.debug_aranges  0x0000000000000000      0xab0
 .debug_aranges
                0x0000000000000000       0x70 ./Core/Src/main.o
 .debug_aranges
                0x0000000000000070       0x38 ./Core/Src/max_led_.o
 .debug_aranges
                0x00000000000000a8       0x50 ./Core/Src/stm32f4xx_hal_msp.o
 .debug_aranges
                0x00000000000000f8       0x60 ./Core/Src/stm32f4xx_it.o
 .debug_aranges
                0x0000000000000158       0x28 ./Core/Src/system_stm32f4xx.o
 .debug_aranges
                0x0000000000000180       0x28 ./Core/Startup/startup_stm32f446retx.o
 .debug_aranges
                0x00000000000001a8       0xf0 ./Drivers/STM32F4xx_HAL_Driver/Src/stm32f4xx_hal.o
 .debug_aranges
                0x0000000000000298       0xe8 ./Drivers/STM32F4xx_HAL_Driver/Src/stm32f4xx_hal_adc.o
 .debug_aranges
                0x0000000000000380      0x118 ./Drivers/STM32F4xx_HAL_Driver/Src/stm32f4xx_hal_cortex.o
 .debug_aranges
                0x0000000000000498       0x58 ./Drivers/STM32F4xx_HAL_Driver/Src/stm32f4xx_hal_gpio.o
 .debug_aranges
                0x00000000000004f0       0x88 ./Drivers/STM32F4xx_HAL_Driver/Src/stm32f4xx_hal_rcc.o
 .debug_aranges
                0x0000000000000578       0x78 ./Drivers/STM32F4xx_HAL_Driver/Src/stm32f4xx_hal_rcc_ex.o
 .debug_aranges
                0x00000000000005f0      0x1d0 ./Drivers/STM32F4xx_HAL_Driver/Src/stm32f4xx_hal_spi.o
 .debug_aranges
                0x00000000000007c0      0x200 ./Drivers/STM32F4xx_HAL_Driver/Src/stm32f4xx_hal_uart.o
 .debug_aranges
                0x00000000000009c0       0x20 ../Middlewares/Third_Party/ARM_CMSIS/CMSIS/DSP/Lib/GCC\libarm_cortexM4lf_math.a(arm_cfft_init_f32.o)
 .debug_aranges
                0x00000000000009e0       0x30 ../Middlewares/Third_Party/ARM_CMSIS/CMSIS/DSP/Lib/GCC\libarm_cortexM4lf_math.a(arm_cfft_f32.o)
 .debug_aranges
                0x0000000000000a10       0x30 ../Middlewares/Third_Party/ARM_CMSIS/CMSIS/DSP/Lib/GCC\libarm_cortexM4lf_math.a(arm_bitreversal2.o)
 .debug_aranges
                0x0000000000000a40       0x20 ../Middlewares/Third_Party/ARM_CMSIS/CMSIS/DSP/Lib/GCC\libarm_cortexM4lf_math.a(arm_cmplx_mag_f32.o)
 .debug_aranges
                0x0000000000000a60       0x18 ../Middlewares/Third_Party/ARM_CMSIS/CMSIS/DSP/Lib/GCC\libarm_cortexM4lf_math.a(arm_const_structs.o)
 .debug_aranges
                0x0000000000000a78       0x18 ../Middlewares/Third_Party/ARM_CMSIS/CMSIS/DSP/Lib/GCC\libarm_cortexM4lf_math.a(arm_common_tables.o)
 .debug_aranges
                0x0000000000000a90       0x20 ../Middlewares/Third_Party/ARM_CMSIS/CMSIS/DSP/Lib/GCC\libarm_cortexM4lf_math.a(arm_cfft_radix8_f32.o)

.debug_ranges   0x0000000000000000      0xa58
 .debug_ranges  0x0000000000000000       0x60 ./Core/Src/main.o
 .debug_ranges  0x0000000000000060       0x28 ./Core/Src/max_led_.o
 .debug_ranges  0x0000000000000088       0x40 ./Core/Src/stm32f4xx_hal_msp.o
 .debug_ranges  0x00000000000000c8       0x50 ./Core/Src/stm32f4xx_it.o
 .debug_ranges  0x0000000000000118       0x18 ./Core/Src/system_stm32f4xx.o
 .debug_ranges  0x0000000000000130       0x20 ./Core/Startup/startup_stm32f446retx.o
 .debug_ranges  0x0000000000000150       0xe0 ./Drivers/STM32F4xx_HAL_Driver/Src/stm32f4xx_hal.o
 .debug_ranges  0x0000000000000230       0xd8 ./Drivers/STM32F4xx_HAL_Driver/Src/stm32f4xx_hal_adc.o
 .debug_ranges  0x0000000000000308      0x108 ./Drivers/STM32F4xx_HAL_Driver/Src/stm32f4xx_hal_cortex.o
 .debug_ranges  0x0000000000000410       0x48 ./Drivers/STM32F4xx_HAL_Driver/Src/stm32f4xx_hal_gpio.o
 .debug_ranges  0x0000000000000458       0x78 ./Drivers/STM32F4xx_HAL_Driver/Src/stm32f4xx_hal_rcc.o
 .debug_ranges  0x00000000000004d0       0x68 ./Drivers/STM32F4xx_HAL_Driver/Src/stm32f4xx_hal_rcc_ex.o
 .debug_ranges  0x0000000000000538      0x1c0 ./Drivers/STM32F4xx_HAL_Driver/Src/stm32f4xx_hal_spi.o
 .debug_ranges  0x00000000000006f8      0x220 ./Drivers/STM32F4xx_HAL_Driver/Src/stm32f4xx_hal_uart.o
 .debug_ranges  0x0000000000000918       0x10 ../Middlewares/Third_Party/ARM_CMSIS/CMSIS/DSP/Lib/GCC\libarm_cortexM4lf_math.a(arm_cfft_init_f32.o)
 .debug_ranges  0x0000000000000928       0x20 ../Middlewares/Third_Party/ARM_CMSIS/CMSIS/DSP/Lib/GCC\libarm_cortexM4lf_math.a(arm_cfft_f32.o)
 .debug_ranges  0x0000000000000948       0x20 ../Middlewares/Third_Party/ARM_CMSIS/CMSIS/DSP/Lib/GCC\libarm_cortexM4lf_math.a(arm_bitreversal2.o)
 .debug_ranges  0x0000000000000968       0xe0 ../Middlewares/Third_Party/ARM_CMSIS/CMSIS/DSP/Lib/GCC\libarm_cortexM4lf_math.a(arm_cmplx_mag_f32.o)
 .debug_ranges  0x0000000000000a48       0x10 ../Middlewares/Third_Party/ARM_CMSIS/CMSIS/DSP/Lib/GCC\libarm_cortexM4lf_math.a(arm_cfft_radix8_f32.o)

.debug_macro    0x0000000000000000    0x22bef
 .debug_macro   0x0000000000000000      0x340 ./Core/Src/main.o
 .debug_macro   0x0000000000000340      0xa78 ./Core/Src/main.o
 .debug_macro   0x0000000000000db8      0x2a1 ./Core/Src/main.o
 .debug_macro   0x0000000000001059       0x2e ./Core/Src/main.o
 .debug_macro   0x0000000000001087       0x28 ./Core/Src/main.o
 .debug_macro   0x00000000000010af       0x22 ./Core/Src/main.o
 .debug_macro   0x00000000000010d1       0x8e ./Core/Src/main.o
 .debug_macro   0x000000000000115f       0x51 ./Core/Src/main.o
 .debug_macro   0x00000000000011b0      0x103 ./Core/Src/main.o
 .debug_macro   0x00000000000012b3       0x6a ./Core/Src/main.o
 .debug_macro   0x000000000000131d      0x1df ./Core/Src/main.o
 .debug_macro   0x00000000000014fc       0x1c ./Core/Src/main.o
 .debug_macro   0x0000000000001518       0x22 ./Core/Src/main.o
 .debug_macro   0x000000000000153a       0xd9 ./Core/Src/main.o
 .debug_macro   0x0000000000001613     0x102d ./Core/Src/main.o
 .debug_macro   0x0000000000002640      0x11f ./Core/Src/main.o
 .debug_macro   0x000000000000275f    0x16749 ./Core/Src/main.o
 .debug_macro   0x0000000000018ea8       0x6d ./Core/Src/main.o
 .debug_macro   0x0000000000018f15     0x367e ./Core/Src/main.o
 .debug_macro   0x000000000001c593      0x174 ./Core/Src/main.o
 .debug_macro   0x000000000001c707       0x5c ./Core/Src/main.o
 .debug_macro   0x000000000001c763      0xc90 ./Core/Src/main.o
 .debug_macro   0x000000000001d3f3      0x9fe ./Core/Src/main.o
 .debug_macro   0x000000000001ddf1      0x115 ./Core/Src/main.o
 .debug_macro   0x000000000001df06      0x1a0 ./Core/Src/main.o
 .debug_macro   0x000000000001e0a6       0xa5 ./Core/Src/main.o
 .debug_macro   0x000000000001e14b      0x16d ./Core/Src/main.o
 .debug_macro   0x000000000001e2b8      0x287 ./Core/Src/main.o
 .debug_macro   0x000000000001e53f       0x5f ./Core/Src/main.o
 .debug_macro   0x000000000001e59e      0x236 ./Core/Src/main.o
 .debug_macro   0x000000000001e7d4      0xb5b ./Core/Src/main.o
 .debug_macro   0x000000000001f32f      0x38b ./Core/Src/main.o
 .debug_macro   0x000000000001f6ba      0x17d ./Core/Src/main.o
 .debug_macro   0x000000000001f837       0xf9 ./Core/Src/main.o
 .debug_macro   0x000000000001f930      0x132 ./Core/Src/main.o
 .debug_macro   0x000000000001fa62      0x29c ./Core/Src/main.o
 .debug_macro   0x000000000001fcfe       0x2e ./Core/Src/main.o
 .debug_macro   0x000000000001fd2c      0x11a ./Core/Src/main.o
 .debug_macro   0x000000000001fe46       0xe8 ./Core/Src/main.o
 .debug_macro   0x000000000001ff2e       0x89 ./Core/Src/main.o
 .debug_macro   0x000000000001ffb7      0x225 ./Core/Src/main.o
 .debug_macro   0x00000000000201dc      0x295 ./Core/Src/main.o
 .debug_macro   0x0000000000020471      0x126 ./Core/Src/main.o
 .debug_macro   0x0000000000020597       0x94 ./Core/Src/main.o
 .debug_macro   0x000000000002062b       0x52 ./Core/Src/main.o
 .debug_macro   0x000000000002067d       0x1e ./Core/Src/main.o
 .debug_macro   0x000000000002069b       0x3c ./Core/Src/main.o
 .debug_macro   0x00000000000206d7       0x34 ./Core/Src/main.o
 .debug_macro   0x000000000002070b       0x16 ./Core/Src/main.o
 .debug_macro   0x0000000000020721       0x43 ./Core/Src/main.o
 .debug_macro   0x0000000000020764       0x34 ./Core/Src/main.o
 .debug_macro   0x0000000000020798       0x10 ./Core/Src/main.o
 .debug_macro   0x00000000000207a8       0x58 ./Core/Src/main.o
 .debug_macro   0x0000000000020800       0x71 ./Core/Src/main.o
 .debug_macro   0x0000000000020871       0x1c ./Core/Src/main.o
 .debug_macro   0x000000000002088d      0x12a ./Core/Src/main.o
 .debug_macro   0x00000000000209b7      0x341 ./Core/Src/main.o
 .debug_macro   0x0000000000020cf8       0x10 ./Core/Src/main.o
 .debug_macro   0x0000000000020d08       0x35 ./Core/Src/main.o
 .debug_macro   0x0000000000020d3d       0x20 ./Core/Src/main.o
 .debug_macro   0x0000000000020d5d      0x19b ./Core/Src/main.o
 .debug_macro   0x0000000000020ef8      0x201 ./Core/Src/main.o
 .debug_macro   0x00000000000210f9       0x7c ./Core/Src/main.o
 .debug_macro   0x0000000000021175       0x17 ./Core/Src/main.o
 .debug_macro   0x000000000002118c      0x118 ./Core/Src/main.o
 .debug_macro   0x00000000000212a4      0x169 ./Core/Src/main.o
 .debug_macro   0x000000000002140d      0x1fb ./Core/Src/max_led_.o
 .debug_macro   0x0000000000021608      0x1fb ./Core/Src/stm32f4xx_hal_msp.o
 .debug_macro   0x0000000000021803      0x205 ./Core/Src/stm32f4xx_it.o
 .debug_macro   0x0000000000021a08      0x1ec ./Core/Src/system_stm32f4xx.o
 .debug_macro   0x0000000000021bf4      0x24c ./Drivers/STM32F4xx_HAL_Driver/Src/stm32f4xx_hal.o
 .debug_macro   0x0000000000021e40      0x1ed ./Drivers/STM32F4xx_HAL_Driver/Src/stm32f4xx_hal_adc.o
 .debug_macro   0x000000000002202d      0x1ec ./Drivers/STM32F4xx_HAL_Driver/Src/stm32f4xx_hal_cortex.o
 .debug_macro   0x0000000000022219      0x1f2 ./Drivers/STM32F4xx_HAL_Driver/Src/stm32f4xx_hal_gpio.o
 .debug_macro   0x000000000002240b      0x210 ./Drivers/STM32F4xx_HAL_Driver/Src/stm32f4xx_hal_rcc.o
 .debug_macro   0x000000000002261b      0x1ec ./Drivers/STM32F4xx_HAL_Driver/Src/stm32f4xx_hal_rcc_ex.o
 .debug_macro   0x0000000000022807      0x1fb ./Drivers/STM32F4xx_HAL_Driver/Src/stm32f4xx_hal_spi.o
 .debug_macro   0x0000000000022a02      0x1ed ./Drivers/STM32F4xx_HAL_Driver/Src/stm32f4xx_hal_uart.o

.debug_line     0x0000000000000000     0xf2e3
 .debug_line    0x0000000000000000      0xd39 ./Core/Src/main.o
 .debug_line    0x0000000000000d39      0x7a5 ./Core/Src/max_led_.o
 .debug_line    0x00000000000014de      0x7e8 ./Core/Src/stm32f4xx_hal_msp.o
 .debug_line    0x0000000000001cc6      0x7a7 ./Core/Src/stm32f4xx_it.o
 .debug_line    0x000000000000246d      0x766 ./Core/Src/system_stm32f4xx.o
 .debug_line    0x0000000000002bd3       0x88 ./Core/Startup/startup_stm32f446retx.o
 .debug_line    0x0000000000002c5b      0x9cc ./Drivers/STM32F4xx_HAL_Driver/Src/stm32f4xx_hal.o
 .debug_line    0x0000000000003627     0x1248 ./Drivers/STM32F4xx_HAL_Driver/Src/stm32f4xx_hal_adc.o
 .debug_line    0x000000000000486f      0xc7b ./Drivers/STM32F4xx_HAL_Driver/Src/stm32f4xx_hal_cortex.o
 .debug_line    0x00000000000054ea      0xb2c ./Drivers/STM32F4xx_HAL_Driver/Src/stm32f4xx_hal_gpio.o
 .debug_line    0x0000000000006016      0xd54 ./Drivers/STM32F4xx_HAL_Driver/Src/stm32f4xx_hal_rcc.o
 .debug_line    0x0000000000006d6a     0x13df ./Drivers/STM32F4xx_HAL_Driver/Src/stm32f4xx_hal_rcc_ex.o
 .debug_line    0x0000000000008149     0x1c56 ./Drivers/STM32F4xx_HAL_Driver/Src/stm32f4xx_hal_spi.o
 .debug_line    0x0000000000009d9f     0x2a71 ./Drivers/STM32F4xx_HAL_Driver/Src/stm32f4xx_hal_uart.o
 .debug_line    0x000000000000c810      0x2a5 ../Middlewares/Third_Party/ARM_CMSIS/CMSIS/DSP/Lib/GCC\libarm_cortexM4lf_math.a(arm_cfft_init_f32.o)
 .debug_line    0x000000000000cab5      0xef2 ../Middlewares/Third_Party/ARM_CMSIS/CMSIS/DSP/Lib/GCC\libarm_cortexM4lf_math.a(arm_cfft_f32.o)
 .debug_line    0x000000000000d9a7      0x39a ../Middlewares/Third_Party/ARM_CMSIS/CMSIS/DSP/Lib/GCC\libarm_cortexM4lf_math.a(arm_bitreversal2.o)
 .debug_line    0x000000000000dd41      0x501 ../Middlewares/Third_Party/ARM_CMSIS/CMSIS/DSP/Lib/GCC\libarm_cortexM4lf_math.a(arm_cmplx_mag_f32.o)
 .debug_line    0x000000000000e242      0x20e ../Middlewares/Third_Party/ARM_CMSIS/CMSIS/DSP/Lib/GCC\libarm_cortexM4lf_math.a(arm_const_structs.o)
 .debug_line    0x000000000000e450      0x1f7 ../Middlewares/Third_Party/ARM_CMSIS/CMSIS/DSP/Lib/GCC\libarm_cortexM4lf_math.a(arm_common_tables.o)
 .debug_line    0x000000000000e647      0xc9c ../Middlewares/Third_Party/ARM_CMSIS/CMSIS/DSP/Lib/GCC\libarm_cortexM4lf_math.a(arm_cfft_radix8_f32.o)

.debug_str      0x0000000000000000    0xd8d14
 .debug_str     0x0000000000000000    0xd4eca ./Core/Src/main.o
                                      0xd534a (size before relaxing)
 .debug_str     0x00000000000d4eca       0x32 ./Core/Src/max_led_.o
                                      0xcfc9b (size before relaxing)
 .debug_str     0x00000000000d4efc       0xd1 ./Core/Src/stm32f4xx_hal_msp.o
                                      0xd0567 (size before relaxing)
 .debug_str     0x00000000000d4fcd       0xc9 ./Core/Src/stm32f4xx_it.o
                                      0xcfc56 (size before relaxing)
 .debug_str     0x00000000000d5096       0xdb ./Core/Src/system_stm32f4xx.o
                                      0xcfb9d (size before relaxing)
 .debug_str     0x00000000000d5171       0x36 ./Core/Startup/startup_stm32f446retx.o
                                         0xb0 (size before relaxing)
 .debug_str     0x00000000000d51a7      0xafb ./Drivers/STM32F4xx_HAL_Driver/Src/stm32f4xx_hal.o
                                      0xd0762 (size before relaxing)
 .debug_str     0x00000000000d5ca2      0x297 ./Drivers/STM32F4xx_HAL_Driver/Src/stm32f4xx_hal_adc.o
                                      0xd0165 (size before relaxing)
 .debug_str     0x00000000000d5f39      0x34d ./Drivers/STM32F4xx_HAL_Driver/Src/stm32f4xx_hal_cortex.o
                                      0xd0470 (size before relaxing)
 .debug_str     0x00000000000d6286      0x10e ./Drivers/STM32F4xx_HAL_Driver/Src/stm32f4xx_hal_gpio.o
                                      0xcfd18 (size before relaxing)
 .debug_str     0x00000000000d6394      0x233 ./Drivers/STM32F4xx_HAL_Driver/Src/stm32f4xx_hal_rcc.o
                                      0xcffd6 (size before relaxing)
 .debug_str     0x00000000000d65c7      0x324 ./Drivers/STM32F4xx_HAL_Driver/Src/stm32f4xx_hal_rcc_ex.o
                                      0xd0009 (size before relaxing)
 .debug_str     0x00000000000d68eb      0x573 ./Drivers/STM32F4xx_HAL_Driver/Src/stm32f4xx_hal_spi.o
                                      0xd043c (size before relaxing)
 .debug_str     0x00000000000d6e5e      0x5fe ./Drivers/STM32F4xx_HAL_Driver/Src/stm32f4xx_hal_uart.o
                                      0xd054b (size before relaxing)
 .debug_str     0x00000000000d745c     0x11e3 ../Middlewares/Third_Party/ARM_CMSIS/CMSIS/DSP/Lib/GCC\libarm_cortexM4lf_math.a(arm_cfft_init_f32.o)
                                       0x1412 (size before relaxing)
 .debug_str     0x00000000000d863f      0x113 ../Middlewares/Third_Party/ARM_CMSIS/CMSIS/DSP/Lib/GCC\libarm_cortexM4lf_math.a(arm_cfft_f32.o)
                                       0x10f3 (size before relaxing)
 .debug_str     0x00000000000d8752       0x6e ../Middlewares/Third_Party/ARM_CMSIS/CMSIS/DSP/Lib/GCC\libarm_cortexM4lf_math.a(arm_bitreversal2.o)
                                        0xffe (size before relaxing)
 .debug_str     0x00000000000d87c0       0x6f ../Middlewares/Third_Party/ARM_CMSIS/CMSIS/DSP/Lib/GCC\libarm_cortexM4lf_math.a(arm_cmplx_mag_f32.o)
                                        0x736 (size before relaxing)
 .debug_str     0x00000000000d882f      0x46a ../Middlewares/Third_Party/ARM_CMSIS/CMSIS/DSP/Lib/GCC\libarm_cortexM4lf_math.a(arm_const_structs.o)
                                       0x17bc (size before relaxing)
 .debug_str     0x00000000000d8c99       0x2e ../Middlewares/Third_Party/ARM_CMSIS/CMSIS/DSP/Lib/GCC\libarm_cortexM4lf_math.a(arm_common_tables.o)
                                        0xf92 (size before relaxing)
 .debug_str     0x00000000000d8cc7       0x4d ../Middlewares/Third_Party/ARM_CMSIS/CMSIS/DSP/Lib/GCC\libarm_cortexM4lf_math.a(arm_cfft_radix8_f32.o)
                                        0x69d (size before relaxing)

.comment        0x0000000000000000       0xc9
 .comment       0x0000000000000000       0x50 ./Core/Src/main.o
                                         0x51 (size before relaxing)
 .comment       0x0000000000000050       0x51 ./Core/Src/max_led_.o
 .comment       0x0000000000000050       0x51 ./Core/Src/stm32f4xx_hal_msp.o
 .comment       0x0000000000000050       0x51 ./Core/Src/stm32f4xx_it.o
 .comment       0x0000000000000050       0x51 ./Core/Src/system_stm32f4xx.o
 .comment       0x0000000000000050       0x51 ./Drivers/STM32F4xx_HAL_Driver/Src/stm32f4xx_hal.o
 .comment       0x0000000000000050       0x51 ./Drivers/STM32F4xx_HAL_Driver/Src/stm32f4xx_hal_adc.o
 .comment       0x0000000000000050       0x51 ./Drivers/STM32F4xx_HAL_Driver/Src/stm32f4xx_hal_cortex.o
 .comment       0x0000000000000050       0x51 ./Drivers/STM32F4xx_HAL_Driver/Src/stm32f4xx_hal_gpio.o
 .comment       0x0000000000000050       0x51 ./Drivers/STM32F4xx_HAL_Driver/Src/stm32f4xx_hal_rcc.o
 .comment       0x0000000000000050       0x51 ./Drivers/STM32F4xx_HAL_Driver/Src/stm32f4xx_hal_rcc_ex.o
 .comment       0x0000000000000050       0x51 ./Drivers/STM32F4xx_HAL_Driver/Src/stm32f4xx_hal_spi.o
 .comment       0x0000000000000050       0x51 ./Drivers/STM32F4xx_HAL_Driver/Src/stm32f4xx_hal_uart.o
 .comment       0x0000000000000050       0x79 ../Middlewares/Third_Party/ARM_CMSIS/CMSIS/DSP/Lib/GCC\libarm_cortexM4lf_math.a(arm_cfft_init_f32.o)
                                         0x7a (size before relaxing)
 .comment       0x00000000000000c9       0x7a ../Middlewares/Third_Party/ARM_CMSIS/CMSIS/DSP/Lib/GCC\libarm_cortexM4lf_math.a(arm_cfft_f32.o)
 .comment       0x00000000000000c9       0x7a ../Middlewares/Third_Party/ARM_CMSIS/CMSIS/DSP/Lib/GCC\libarm_cortexM4lf_math.a(arm_bitreversal2.o)
 .comment       0x00000000000000c9       0x7a ../Middlewares/Third_Party/ARM_CMSIS/CMSIS/DSP/Lib/GCC\libarm_cortexM4lf_math.a(arm_cmplx_mag_f32.o)
 .comment       0x00000000000000c9       0x7a ../Middlewares/Third_Party/ARM_CMSIS/CMSIS/DSP/Lib/GCC\libarm_cortexM4lf_math.a(arm_const_structs.o)
 .comment       0x00000000000000c9       0x7a ../Middlewares/Third_Party/ARM_CMSIS/CMSIS/DSP/Lib/GCC\libarm_cortexM4lf_math.a(arm_common_tables.o)
 .comment       0x00000000000000c9       0x7a ../Middlewares/Third_Party/ARM_CMSIS/CMSIS/DSP/Lib/GCC\libarm_cortexM4lf_math.a(arm_cfft_radix8_f32.o)

.debug_frame    0x0000000000000000     0x2acc
 .debug_frame   0x0000000000000000      0x188 ./Core/Src/main.o
 .debug_frame   0x0000000000000188       0x98 ./Core/Src/max_led_.o
 .debug_frame   0x0000000000000220      0x10c ./Core/Src/stm32f4xx_hal_msp.o
 .debug_frame   0x000000000000032c      0x104 ./Core/Src/stm32f4xx_it.o
 .debug_frame   0x0000000000000430       0x58 ./Core/Src/system_stm32f4xx.o
 .debug_frame   0x0000000000000488      0x374 ./Drivers/STM32F4xx_HAL_Driver/Src/stm32f4xx_hal.o
 .debug_frame   0x00000000000007fc      0x3fc ./Drivers/STM32F4xx_HAL_Driver/Src/stm32f4xx_hal_adc.o
 .debug_frame   0x0000000000000bf8      0x498 ./Drivers/STM32F4xx_HAL_Driver/Src/stm32f4xx_hal_cortex.o
 .debug_frame   0x0000000000001090      0x14c ./Drivers/STM32F4xx_HAL_Driver/Src/stm32f4xx_hal_gpio.o
 .debug_frame   0x00000000000011dc      0x1f4 ./Drivers/STM32F4xx_HAL_Driver/Src/stm32f4xx_hal_rcc.o
 .debug_frame   0x00000000000013d0      0x1e8 ./Drivers/STM32F4xx_HAL_Driver/Src/stm32f4xx_hal_rcc_ex.o
 .debug_frame   0x00000000000015b8      0x824 ./Drivers/STM32F4xx_HAL_Driver/Src/stm32f4xx_hal_spi.o
 .debug_frame   0x0000000000001ddc      0x92c ./Drivers/STM32F4xx_HAL_Driver/Src/stm32f4xx_hal_uart.o
 .debug_frame   0x0000000000002708       0x34 ../Middlewares/Third_Party/ARM_CMSIS/CMSIS/DSP/Lib/GCC\libarm_cortexM4lf_math.a(arm_cfft_init_f32.o)
 .debug_frame   0x000000000000273c      0x108 ../Middlewares/Third_Party/ARM_CMSIS/CMSIS/DSP/Lib/GCC\libarm_cortexM4lf_math.a(arm_cfft_f32.o)
 .debug_frame   0x0000000000002844       0x84 ../Middlewares/Third_Party/ARM_CMSIS/CMSIS/DSP/Lib/GCC\libarm_cortexM4lf_math.a(arm_bitreversal2.o)
 .debug_frame   0x00000000000028c8       0x4c ../Middlewares/Third_Party/ARM_CMSIS/CMSIS/DSP/Lib/GCC\libarm_cortexM4lf_math.a(arm_cmplx_mag_f32.o)
 .debug_frame   0x0000000000002914       0x94 ../Middlewares/Third_Party/ARM_CMSIS/CMSIS/DSP/Lib/GCC\libarm_cortexM4lf_math.a(arm_cfft_radix8_f32.o)
 .debug_frame   0x00000000000029a8       0x20 c:/st/stm32cubeide_1.9.0/stm32cubeide/plugins/com.st.stm32cube.ide.mcu.externaltools.gnu-tools-for-stm32.10.3-2021.10.win32_1.0.0.202111181127/tools/bin/../lib/gcc/arm-none-eabi/10.3.1/../../../../arm-none-eabi/lib/thumb/v7e-m+fp/hard\libc_nano.a(lib_a-errno.o)
 .debug_frame   0x00000000000029c8       0x2c c:/st/stm32cubeide_1.9.0/stm32cubeide/plugins/com.st.stm32cube.ide.mcu.externaltools.gnu-tools-for-stm32.10.3-2021.10.win32_1.0.0.202111181127/tools/bin/../lib/gcc/arm-none-eabi/10.3.1/../../../../arm-none-eabi/lib/thumb/v7e-m+fp/hard\libc_nano.a(lib_a-init.o)
 .debug_frame   0x00000000000029f4       0x20 c:/st/stm32cubeide_1.9.0/stm32cubeide/plugins/com.st.stm32cube.ide.mcu.externaltools.gnu-tools-for-stm32.10.3-2021.10.win32_1.0.0.202111181127/tools/bin/../lib/gcc/arm-none-eabi/10.3.1/../../../../arm-none-eabi/lib/thumb/v7e-m+fp/hard\libc_nano.a(lib_a-memset.o)
 .debug_frame   0x0000000000002a14       0x38 c:/st/stm32cubeide_1.9.0/stm32cubeide/plugins/com.st.stm32cube.ide.mcu.externaltools.gnu-tools-for-stm32.10.3-2021.10.win32_1.0.0.202111181127/tools/bin/../lib/gcc/arm-none-eabi/10.3.1/../../../../arm-none-eabi/lib/thumb/v7e-m+fp/hard\libm.a(lib_a-wf_sqrt.o)
 .debug_frame   0x0000000000002a4c       0x20 c:/st/stm32cubeide_1.9.0/stm32cubeide/plugins/com.st.stm32cube.ide.mcu.externaltools.gnu-tools-for-stm32.10.3-2021.10.win32_1.0.0.202111181127/tools/bin/../lib/gcc/arm-none-eabi/10.3.1/../../../../arm-none-eabi/lib/thumb/v7e-m+fp/hard\libm.a(lib_a-ef_sqrt.o)
 .debug_frame   0x0000000000002a6c       0x2c c:/st/stm32cubeide_1.9.0/stm32cubeide/plugins/com.st.stm32cube.ide.mcu.externaltools.gnu-tools-for-stm32.10.3-2021.10.win32_1.0.0.202111181127/tools/bin/../lib/gcc/arm-none-eabi/10.3.1/thumb/v7e-m+fp/hard\libgcc.a(_aeabi_uldivmod.o)
 .debug_frame   0x0000000000002a98       0x34 c:/st/stm32cubeide_1.9.0/stm32cubeide/plugins/com.st.stm32cube.ide.mcu.externaltools.gnu-tools-for-stm32.10.3-2021.10.win32_1.0.0.202111181127/tools/bin/../lib/gcc/arm-none-eabi/10.3.1/thumb/v7e-m+fp/hard\libgcc.a(_udivmoddi4.o)

.debug_loc      0x0000000000000000     0x2a2c
 .debug_loc     0x0000000000000000       0xee ../Middlewares/Third_Party/ARM_CMSIS/CMSIS/DSP/Lib/GCC\libarm_cortexM4lf_math.a(arm_cfft_init_f32.o)
 .debug_loc     0x00000000000000ee     0x1406 ../Middlewares/Third_Party/ARM_CMSIS/CMSIS/DSP/Lib/GCC\libarm_cortexM4lf_math.a(arm_cfft_f32.o)
 .debug_loc     0x00000000000014f4      0x2cf ../Middlewares/Third_Party/ARM_CMSIS/CMSIS/DSP/Lib/GCC\libarm_cortexM4lf_math.a(arm_bitreversal2.o)
 .debug_loc     0x00000000000017c3      0x961 ../Middlewares/Third_Party/ARM_CMSIS/CMSIS/DSP/Lib/GCC\libarm_cortexM4lf_math.a(arm_cmplx_mag_f32.o)
 .debug_loc     0x0000000000002124      0x908 ../Middlewares/Third_Party/ARM_CMSIS/CMSIS/DSP/Lib/GCC\libarm_cortexM4lf_math.a(arm_cfft_radix8_f32.o)
