../Core/Src/main.c:97:5:main	24592	static
../Core/Src/main.c:186:6:SystemClock_Config	88	static
../Core/Src/main.c:233:13:MX_ADC1_Init	24	static
../Core/Src/main.c:284:13:MX_SPI2_Init	8	static
../Core/Src/main.c:321:13:MX_USART2_UART_Init	8	static
../Core/Src/main.c:353:13:MX_GPIO_Init	48	static
../Core/Src/main.c:381:6:fft	16	static
../Core/Src/main.c:398:6:FFT_output_shrinker	32	static
../Core/Src/main.c:415:6:displayfft	88	static
../Core/Src/main.c:463:6:Error_Handler	4	static,ignoring_inline_asm
