../Core/Src/main.c:102:5:main	24592	static
../Core/Src/main.c:196:6:SystemClock_Config	88	static
../Core/Src/main.c:243:13:MX_ADC1_Init	24	static
../Core/Src/main.c:295:13:MX_SPI2_Init	8	static
../Core/Src/main.c:333:13:MX_TIM2_Init	32	static
../Core/Src/main.c:378:13:MX_USART2_UART_Init	8	static
../Core/Src/main.c:411:13:MX_GPIO_Init	48	static
../Core/Src/main.c:440:6:fft	16	static
../Core/Src/main.c:457:6:FFT_output_shrinker	32	static
../Core/Src/main.c:474:6:displayfft	32	static
../Core/Src/main.c:519:9:display_column_filler	16	static
../Core/Src/main.c:559:6:delay_us	16	static
../Core/Src/main.c:571:6:Error_Handler	4	static,ignoring_inline_asm
